 PhysXCooking_64

 Timestamp is 633afbb6 (Mon Oct  3 17:11:50 2022)

 Preferred load address is 0000000180000000

 Start         Length     Name                   Class
 0001:00000000 000003c0H .text$di                CODE
 0001:000003c0 000284e0H .text$mn                CODE
 0001:000288a0 00000036H .text$mn$00             CODE
 0001:000288d6 00000092H .text$x                 CODE
 0002:00000000 00000180H .idata$5                DATA
 0002:00000180 00000028H .00cfg                  DATA
 0002:000001a8 00000008H .CRT$XCA                DATA
 0002:000001b0 000001e0H .CRT$XCU                DATA
 0002:00000390 00000008H .CRT$XCZ                DATA
 0002:00000398 00000008H .CRT$XIA                DATA
 0002:000003a0 00000008H .CRT$XIZ                DATA
 0002:000003a8 00000008H .CRT$XPA                DATA
 0002:000003b0 00000008H .CRT$XPZ                DATA
 0002:000003b8 00000008H .CRT$XTA                DATA
 0002:000003c0 00000010H .CRT$XTZ                DATA
 0002:000003c8 00000000H .gehcont$y              DATA
 0002:000003c8 00000000H .gfids$y                DATA
 0002:000003d0 00001fb0H .rdata                  DATA
 0002:00002380 00000000H .rdata$CastGuardVftablesA DATA
 0002:00002380 00000000H .rdata$CastGuardVftablesC DATA
 0002:00002380 00000074H .rdata$r                DATA
 0002:000023f4 00000024H .rdata$voltmd           DATA
 0002:00002418 000003b8H .rdata$zzzdbg           DATA
 0002:000027d0 00000008H .rtc$IAA                DATA
 0002:000027d8 00000008H .rtc$IZZ                DATA
 0002:000027e0 00000008H .rtc$TAA                DATA
 0002:000027e8 00000008H .rtc$TZZ                DATA
 0002:000027f0 00002b38H .xdata                  DATA
 0002:00005328 00000040H .didat$2                DATA
 0002:00005368 00000020H .didat$3                DATA
 0002:00005388 000001b0H .didat$4                DATA
 0002:00005538 00000a50H .didat$6                DATA
 0002:00005f88 000001b8H .didat$7                DATA
 0002:00006140 00001d34H .edata                  DATA
 0002:00007e74 00000078H .idata$2                DATA
 0002:00007eec 00000014H .idata$3                DATA
 0002:00007f00 00000180H .idata$4                DATA
 0002:00008080 000003d4H .idata$6                DATA
 0003:00000000 00000068H .data                   DATA
 0003:00000068 00000308H .data$r                 DATA
 0003:00000370 00000020H .data$rs                DATA
 0003:00000390 000001b0H .didat$5                DATA
 0003:00000540 000004a0H .bss                    DATA
 0004:00000000 00001c8cH .pdata                  DATA
 0005:00000000 00002208H _RDATA                  DATA
 0006:00000000 000000a0H .rsrc$01                DATA
 0006:000000a0 000004b0H .rsrc$02                DATA

  Address         Publics by Value              Rva+Base               Lib:Object

 0000:00000000       __hybrid_auxiliary_iat     0000000000000000     <absolute>
 0000:00000000       __AbsoluteZero             0000000000000000     <absolute>
 0000:00000000       __x64_code_ranges_to_entry_points 0000000000000000     <absolute>
 0000:00000000       __dynamic_value_reloc_table 0000000000000000     <absolute>
 0000:00000000       __guard_fids_count         0000000000000000     <absolute>
 0000:00000000       __hybrid_auxiliary_iat_copy 0000000000000000     <absolute>
 0000:00000000       __guard_check_icall_a64n_fptr 0000000000000000     <absolute>
 0000:00000000       __guard_longjmp_count      0000000000000000     <absolute>
 0000:00000000       __arm64x_redirection_metadata 0000000000000000     <absolute>
 0000:00000000       __arm64x_extra_rfe_table   0000000000000000     <absolute>
 0000:00000000       ___safe_se_handler_table   0000000000000000     <absolute>
 0000:00000000       __guard_fids_table         0000000000000000     <absolute>
 0000:00000000       __hybrid_code_map          0000000000000000     <absolute>
 0000:00000000       __arm64x_extra_rfe_table_size 0000000000000000     <absolute>
 0000:00000000       __guard_iat_table          0000000000000000     <absolute>
 0000:00000000       __guard_iat_count          0000000000000000     <absolute>
 0000:00000000       ___safe_se_handler_count   0000000000000000     <absolute>
 0000:00000000       __guard_longjmp_table      0000000000000000     <absolute>
 0000:00000000       __x64_code_ranges_to_entry_points_count 0000000000000000     <absolute>
 0000:00000000       __guard_eh_cont_count      0000000000000000     <absolute>
 0000:00000000       __arm64x_redirection_metadata_count 0000000000000000     <absolute>
 0000:00000000       __enclave_config           0000000000000000     <absolute>
 0000:00000000       __guard_eh_cont_table      0000000000000000     <absolute>
 0000:00000000       __hybrid_code_map_count    0000000000000000     <absolute>
 0000:00000000       __arm64x_native_entrypoint 0000000000000000     <absolute>
 0000:00000100       __guard_flags              0000000000000100     <absolute>
 0000:00000000       __ImageBase                0000000180000000     <linker-defined>
 0001:000003c0       ??$?_UV?$ReflectionAllocator@VAdjTriangle@physx@@@shdfnd@physx@@@UserAllocated@shdfnd@physx@@SAPEAX_KV?$ReflectionAllocator@VAdjTriangle@physx@@@12@PEBDH@Z 00000001800013c0 f i Adjacencies.obj
 0001:00000460       ??0AdjacenciesBuilder@physx@@QEAA@XZ 0000000180001460 f   Adjacencies.obj
 0001:00000470       ??0HeightFieldData@Gu@physx@@QEAA@W4PxEMPTY@2@@Z 0000000180001470 f i Cooking.obj
 0001:00000470       ??4MutexImpl@shdfnd@physx@@QEAAAEAV012@AEBV012@@Z 0000000180001470 f i Adjacencies.obj
 0001:00000470       ??4PxFoundation@physx@@QEAAAEAV01@AEBV01@@Z 0000000180001470 f i Adjacencies.obj
 0001:00000470       ??0Allocator@shdfnd@physx@@QEAA@PEBD@Z 0000000180001470 f i Adjacencies.obj
 0001:00000470       ??0Box@Gu@physx@@QEAA@XZ   0000000180001470 f i ConvexHullUtils.obj
 0001:00000470       ??4Allocator@shdfnd@physx@@QEAAAEAV012@$$QEAV012@@Z 0000000180001470 f i Adjacencies.obj
 0001:00000470       ?getPaddedBounds@HeightFieldData@Gu@physx@@QEBAAEBVCenterExtentsPadded@23@XZ 0000000180001470 f i Cooking.obj
 0001:00000470       ??4Allocator@shdfnd@physx@@QEAAAEAV012@AEBV012@@Z 0000000180001470 f i Adjacencies.obj
 0001:00000470       ?getAABB@AABBTreeBuildNode@Gu@physx@@QEBAAEBVPxBounds3@3@XZ 0000000180001470 f i BVHStructureBuilder.obj
 0001:00000470       ??0AABBTreeBuildNode@Gu@physx@@QEAA@XZ 0000000180001470 f i BVHStructureBuilder.obj
 0001:00000470       ??0BigConvexData@physx@@QEAA@W4PxEMPTY@1@@Z 0000000180001470 f i BigConvexDataBuilder.obj
 0001:00000480       ??0PxFoundation@physx@@QEAA@XZ 0000000180001480 f i Adjacencies.obj
 0001:00000480       ??0PxFoundation@physx@@QEAA@AEBV01@@Z 0000000180001480 f i Adjacencies.obj
 0001:00000490       ??1Adjacencies@physx@@QEAA@XZ 0000000180001490 f   Adjacencies.obj
 0001:00000500       ??1AdjacenciesBuilder@physx@@QEAA@XZ 0000000180001500 f   Adjacencies.obj
 0001:00000510       ??1PxFoundation@physx@@MEAA@XZ 0000000180001510 f i Adjacencies.obj
 0001:00000520       ??_EPxFoundation@physx@@MEAAPEAXI@Z 0000000180001520 f i Adjacencies.obj
 0001:000005b0       ??1AABBTreeBuildNode@Gu@physx@@QEAA@XZ 00000001800015b0 f i BVHStructureBuilder.obj
 0001:000005b0       _guard_check_icall_nop     00000001800015b0 f i MSVCRT:guard_support.obj
 0001:000005b0       ??1Box@Gu@physx@@QEAA@XZ   00000001800015b0 f i ConvexHullUtils.obj
 0001:000005b0       ?onMeshIndexFormatChange@TriangleMeshBuilder@physx@@UEAAXXZ 00000001800015b0 f i TriangleMeshBuilder.obj
 0001:000005b0       ??_FAllocator@shdfnd@physx@@QEAAXXZ 00000001800015b0 f i Adjacencies.obj
 0001:000005b0       ??1HeightFieldData@Gu@physx@@QEAA@XZ 00000001800015b0 f i Cooking.obj
 0001:000005b0       ??1BigConvexDataBuilder@physx@@QEAA@XZ 00000001800015b0 f i BigConvexDataBuilder.obj
 0001:000005c0       ??_FNamedAllocator@shdfnd@physx@@QEAAXXZ 00000001800015c0 f i Adjacencies.obj
 0001:000005d0       ?ComputeNbBoundaryEdges@Adjacencies@physx@@QEBAIXZ 00000001800015d0 f   Adjacencies.obj
 0001:000008b0       ?GetNbHits@RadixSort@Cm@physx@@QEBAIXZ 00000001800018b0 f i Adjacencies.obj
 0001:000008c0       ?GetNbTotalCalls@RadixSort@Cm@physx@@QEBAIXZ 00000001800018c0 f i Adjacencies.obj
 0001:000008d0       ?GetRanks@RadixSort@Cm@physx@@QEBAPEBIXZ 00000001800018d0 f i Adjacencies.obj
 0001:000008d0       ?getErrorCallback@Foundation@shdfnd@physx@@UEAAAEAVPxErrorCallback@3@XZ 00000001800018d0 f i Adjacencies.obj
 0001:000008e0       ?GetValencies@BigConvexData@physx@@QEBAPEBUValency@Gu@2@XZ 00000001800018e0 f i BigConvexDataBuilder.obj
 0001:000008e0       ?getPos@AABBTreeBuildNode@Gu@physx@@QEBAPEBV123@XZ 00000001800018e0 f i BVHStructureBuilder.obj
 0001:000008e0       ?GetRecyclable@RadixSort@Cm@physx@@QEBAPEAIXZ 00000001800018e0 f i Adjacencies.obj
 0001:000008f0       ?Init@AdjacenciesBuilder@physx@@QEAA_NAEBUADJACENCIESCREATE@2@@Z 00000001800018f0 f   Adjacencies.obj
 0001:00000ea0       ?getAllocator@Foundation@shdfnd@physx@@QEAAAEAVPxAllocatorCallback@3@XZ 0000000180001ea0 f i Adjacencies.obj
 0001:00000eb0       ?getAllocatorCallback@Foundation@shdfnd@physx@@UEAAAEAVPxAllocatorCallback@3@XZ 0000000180001eb0 f i Adjacencies.obj
 0001:00000ec0       ?getErrorLevel@Foundation@shdfnd@physx@@UEBA?AW4Enum@PxErrorCode@3@XZ 0000000180001ec0 f i Adjacencies.obj
 0001:00000ed0       ?getInternalErrorCallback@Foundation@shdfnd@physx@@QEAAAEAVPxErrorCallback@3@XZ 0000000180001ed0 f i Adjacencies.obj
 0001:00000ee0       ?getNamedAllocMap@Foundation@shdfnd@physx@@QEAAAEAV?$HashMap@PEBVNamedAllocator@shdfnd@physx@@PEBDU?$Hash@PEBVNamedAllocator@shdfnd@physx@@@23@VNonTrackingAllocator@23@@23@XZ 0000000180001ee0 f i Adjacencies.obj
 0001:00000ef0       ?getNamedAllocMutex@Foundation@shdfnd@physx@@QEAAAEAV?$MutexT@VAllocator@shdfnd@physx@@@23@XZ 0000000180001ef0 f i Adjacencies.obj
 0001:00000f00       ?getReportAllocationNames@Foundation@shdfnd@physx@@UEBA_NXZ 0000000180001f00 f i Adjacencies.obj
 0001:00000f10       ?getTempAllocFreeTable@Foundation@shdfnd@physx@@QEAAAEAV?$Array@PEATTempAllocatorChunk@shdfnd@physx@@VAllocator@23@@23@XZ 0000000180001f10 f i Adjacencies.obj
 0001:00000f20       ?getTempAllocMutex@Foundation@shdfnd@physx@@QEAAAEAV?$MutexT@VAllocator@shdfnd@physx@@@23@XZ 0000000180001f20 f i Adjacencies.obj
 0001:00000f30       ?invalidateRanks@RadixSort@Cm@physx@@QEAAXXZ 0000000180001f30 f i Adjacencies.obj
 0001:00000f40       ?setErrorLevel@Foundation@shdfnd@physx@@UEAAXW4Enum@PxErrorCode@3@@Z 0000000180001f40 f i Adjacencies.obj
 0001:00000f50       ?setReportAllocationNames@Foundation@shdfnd@physx@@UEAAX_N@Z 0000000180001f50 f i Adjacencies.obj
 0001:00000f60       ??0DebugText@Cm@physx@@QEAA@$$QEAU012@@Z 0000000180001f60 f i Cooking.obj
 0001:00000f60       ??0DebugText@Cm@physx@@QEAA@AEBU012@@Z 0000000180001f60 f i Cooking.obj
 0001:00001040       ??4HeightFieldData@Gu@physx@@QEAAAEAU012@$$QEAU012@@Z 0000000180002040 f i Cooking.obj
 0001:00001040       ??0HeightFieldData@Gu@physx@@QEAA@$$QEAU012@@Z 0000000180002040 f i Cooking.obj
 0001:00001040       ??4HeightFieldData@Gu@physx@@QEAAAEAU012@AEBU012@@Z 0000000180002040 f i Cooking.obj
 0001:00001040       ??0HeightFieldData@Gu@physx@@QEAA@AEBU012@@Z 0000000180002040 f i Cooking.obj
 0001:000010a0       ??0HeightFieldData@Gu@physx@@QEAA@XZ 00000001800020a0 f i Cooking.obj
 0001:000010b0       ??0RenderOutput@Cm@physx@@QEAA@AEAVRenderBuffer@12@@Z 00000001800020b0 f i Cooking.obj
 0001:00001100       ??0RenderOutput@Cm@physx@@QEAA@AEBV012@@Z 0000000180002100 f i Cooking.obj
 0001:000011a0       ??1PxConvexMesh@physx@@MEAA@XZ 00000001800021a0 f i Cooking.obj
 0001:000011a0       ??1PxHeightField@physx@@MEAA@XZ 00000001800021a0 f i Cooking.obj
 0001:000011b0       ??4DebugText@Cm@physx@@QEAAAEAU012@$$QEAU012@@Z 00000001800021b0 f i Cooking.obj
 0001:000011b0       ??4DebugText@Cm@physx@@QEAAAEAU012@AEBU012@@Z 00000001800021b0 f i Cooking.obj
 0001:000012e0       ??4FPUGuard@shdfnd@physx@@QEAAAEAV012@AEBV012@@Z 00000001800022e0 f i Cooking.obj
 0001:00001300       ??_ECooking@physx@@UEAAPEAXI@Z 0000000180002300 f i Cooking.obj
 0001:00001300       ??_GCooking@physx@@UEAAPEAXI@Z 0000000180002300 f i Cooking.obj
 0001:00001350       ??_GPxBase@physx@@MEAAPEAXI@Z 0000000180002350 f i Cooking.obj
 0001:00001350       ??_EPxBase@physx@@MEAAPEAXI@Z 0000000180002350 f i Cooking.obj
 0001:00001380       ??_GPxCooking@physx@@MEAAPEAXI@Z 0000000180002380 f i Cooking.obj
 0001:00001380       ??_EPxCooking@physx@@MEAAPEAXI@Z 0000000180002380 f i Cooking.obj
 0001:000013b0       ?computeHullPolygons@Cooking@physx@@UEBA_NAEBVPxSimpleTriangleMesh@2@AEAVPxAllocatorCallback@2@AEAIAEAPEAVPxVec3@2@2AEAPEAI2AEAPEAUPxHullPolygon@2@@Z 00000001800023b0 f   Cooking.obj
 0001:00001590       ?cookBVHStructure@Cooking@physx@@UEBA_NAEBVPxBVHStructureDesc@2@AEAVPxOutputStream@2@@Z 0000000180002590 f   Cooking.obj
 0001:00001670       ?cookConvexMesh@Cooking@physx@@UEBA_NAEBVPxConvexMeshDesc@2@AEAVPxOutputStream@2@PEAW4Enum@PxConvexMeshCookingResult@2@@Z 0000000180002670 f   Cooking.obj
 0001:00001850       ?cookConvexMeshInternal@Cooking@physx@@AEBA_NAEBVPxConvexMeshDesc@2@AEAVConvexMeshBuilder@2@PEAVConvexHullLib@2@PEAW4Enum@PxConvexMeshCookingResult@2@@Z 0000000180002850 f   Cooking.obj
 0001:00001ac0       ?cookHeightField@Cooking@physx@@UEBA_NAEBVPxHeightFieldDesc@2@AEAVPxOutputStream@2@@Z 0000000180002ac0 f   Cooking.obj
 0001:00001bc0       ?cookTriangleMesh@Cooking@physx@@UEBA_NAEBVPxTriangleMeshDesc@2@AEAVPxOutputStream@2@PEAW4Enum@PxTriangleMeshCookingResult@2@@Z 0000000180002bc0 f   Cooking.obj
 0001:00001d00       ?copy@?$Array@UPxDebugLine@physx@@VNamedAllocator@shdfnd@2@@shdfnd@physx@@KAXPEAUPxDebugLine@3@0PEBU43@@Z 0000000180002d00 f i Cooking.obj
 0001:00001eb0       ?createBVHStructure@Cooking@physx@@UEBAPEAVPxBVHStructure@2@AEBVPxBVHStructureDesc@2@AEAVPxPhysicsInsertionCallback@2@@Z 0000000180002eb0 f   Cooking.obj
 0001:00001f90       ?createConvexMesh@Cooking@physx@@UEBAPEAVPxConvexMesh@2@AEBVPxConvexMeshDesc@2@AEAVPxPhysicsInsertionCallback@2@PEAW4Enum@PxConvexMeshCookingResult@2@@Z 0000000180002f90 f   Cooking.obj
 0001:00002190       ?createHeightField@Cooking@physx@@UEBAPEAVPxHeightField@2@AEBVPxHeightFieldDesc@2@AEAVPxPhysicsInsertionCallback@2@@Z 0000000180003190 f   Cooking.obj
 0001:00002350       ?createTriangleMesh@Cooking@physx@@UEBAPEAVPxTriangleMesh@2@AEBVPxTriangleMeshDesc@2@AEAVPxPhysicsInsertionCallback@2@PEAW4Enum@PxTriangleMeshCookingResult@2@@Z 0000000180003350 f   Cooking.obj
 0001:000024a0       ?getConcreteTypeName@PxConvexMesh@physx@@UEBAPEBDXZ 00000001800034a0 f i Cooking.obj
 0001:000024b0       ?getConcreteTypeName@PxHeightField@physx@@UEBAPEBDXZ 00000001800034b0 f i Cooking.obj
 0001:000024c0       ?getConvexEdgeThreshold@HeightField@Gu@physx@@UEBAMXZ 00000001800034c0 f i Cooking.obj
 0001:000024d0       ?getFlags@HeightField@Gu@physx@@UEBA?AV?$PxFlags@W4Enum@PxHeightFieldFlag@physx@@G@3@XZ 00000001800034d0 f i Cooking.obj
 0001:000024e0       ?getFormat@HeightField@Gu@physx@@UEBA?AW4Enum@PxHeightFieldFormat@3@XZ 00000001800034e0 f i Cooking.obj
 0001:000024f0       ?getHeight@HeightField@Gu@physx@@UEBAMMM@Z 00000001800034f0 f i Cooking.obj
 0001:00002530       ?getHeightInternal2@HeightField@Gu@physx@@QEBAMIMM@Z 0000000180003530 f i Cooking.obj
 0001:000026a0       ?getIndexBuffer@ConvexMesh@Gu@physx@@UEBAPEBEXZ 00000001800036a0 f i Cooking.obj
 0001:000026e0       ?getNbColumns@HeightField@Gu@physx@@UEBAIXZ 00000001800036e0 f i Cooking.obj
 0001:000026f0       ?getNbPolygons@ConvexMesh@Gu@physx@@UEBAIXZ 00000001800036f0 f i Cooking.obj
 0001:00002700       ?getNbRows@HeightField@Gu@physx@@UEBAIXZ 0000000180003700 f i Cooking.obj
 0001:00002710       ?getNbVertices@ConvexMesh@Gu@physx@@UEBAIXZ 0000000180003710 f i Cooking.obj
 0001:00002720       ?getParams@Cooking@physx@@UEBAAEBUPxCookingParams@2@XZ 0000000180003720 f   Cooking.obj
 0001:00002720       ?getDenormalizeScale@QuantizerImpl@@UEBAAEBVPxVec3@physx@@XZ 0000000180003720 f   Quantizer.obj
 0001:00002730       ?getSample@HeightField@Gu@physx@@UEBAAEBUPxHeightFieldSample@3@II@Z 0000000180003730 f i Cooking.obj
 0001:00002740       ?getSampleStride@HeightField@Gu@physx@@UEBAIXZ 0000000180003740 f i Cooking.obj
 0001:00002750       ?getTimestamp@HeightField@Gu@physx@@UEBAIXZ 0000000180003750 f i Cooking.obj
 0001:00002760       ?getTriangleMaterialIndex@HeightField@Gu@physx@@UEBAGI@Z 0000000180003760 f i Cooking.obj
 0001:00002790       ?getTriangleNormal@HeightField@Gu@physx@@UEBA?AVPxVec3@3@I@Z 0000000180003790 f i Cooking.obj
 0001:00002890       ?getVertices@ConvexMesh@Gu@physx@@UEBAPEBVPxVec3@3@XZ 0000000180003890 f i Cooking.obj
 0001:000028b0       ?isKindOf@PxBase@physx@@MEBA_NPEBD@Z 00000001800038b0 f i Cooking.obj
 0001:000028e0       ?isKindOf@PxConvexMesh@physx@@MEBA_NPEBD@Z 00000001800038e0 f i Cooking.obj
 0001:00002930       ?isKindOf@PxHeightField@physx@@MEBA_NPEBD@Z 0000000180003930 f i Cooking.obj
 0001:00002980       ?isReleasable@PxBase@physx@@UEBA_NXZ 0000000180003980 f i Cooking.obj
 0001:00002990       ?outputSegment@RenderOutput@Cm@physx@@QEAAXAEBVPxVec3@3@0@Z 0000000180003990 f i Cooking.obj
 0001:00002a50       ?platformMismatch@Cooking@physx@@UEBA_NXZ 0000000180003a50 f   Cooking.obj
 0001:00002a60       ?preExportDataReset@HeightField@Gu@physx@@QEAAXXZ 0000000180003a60 f i Cooking.obj
 0001:00002a60       ?preExportDataReset@ConvexMesh@Gu@physx@@QEAAXXZ 0000000180003a60 f i Cooking.obj
 0001:00002a70       ?recreate@?$Array@UPxDebugLine@physx@@VNamedAllocator@shdfnd@2@@shdfnd@physx@@IEAAXI@Z 0000000180003a70 f i Cooking.obj
 0001:00002b10       ?release@Cooking@physx@@UEAAXXZ 0000000180003b10 f   Cooking.obj
 0001:00002b30       ?reserveSegments@RenderOutput@Cm@physx@@QEAAPEAUPxDebugLine@3@I@Z 0000000180003b30 f i Cooking.obj
 0001:00002ba0       ?setParams@Cooking@physx@@UEAAXAEBUPxCookingParams@2@@Z 0000000180003ba0 f   Cooking.obj
 0001:00002c00       ?validateConvexMesh@Cooking@physx@@UEBA_NAEBVPxConvexMeshDesc@2@@Z 0000000180003c00 f   Cooking.obj
 0001:00002c60       ?validateTriangleMesh@Cooking@physx@@UEBA_NAEBVPxTriangleMeshDesc@2@@Z 0000000180003c60 f   Cooking.obj
 0001:00002d70       PxCreateCooking            0000000180003d70 f   Cooking.obj
 0001:00002e60       ??0ReducedVertexCloud@physx@@QEAA@PEBVPxVec3@1@I@Z 0000000180003e60 f   CookingUtils.obj
 0001:00002e80       ??1ReducedVertexCloud@physx@@QEAA@XZ 0000000180003e80 f   CookingUtils.obj
 0001:00002e90       ?Clean@ReducedVertexCloud@physx@@QEAAAEAV12@XZ 0000000180003e90 f   CookingUtils.obj
 0001:00002f00       ?Reduce@ReducedVertexCloud@physx@@QEAA_NPEAUREDUCEDCLOUD@2@@Z 0000000180003f00 f   CookingUtils.obj
 0001:00003210       ??$?_UI@@YAPEAX_KV?$ReflectionAllocator@I@shdfnd@physx@@PEBDH@Z 0000000180004210 f i EdgeList.obj
 0001:000032b0       ??0EdgeListBuilder@Gu@physx@@QEAA@XZ 00000001800042b0 f   EdgeList.obj
 0001:000032d0       ??1EdgeList@Gu@physx@@QEAA@XZ 00000001800042d0 f   EdgeList.obj
 0001:00003370       ??1EdgeListBuilder@Gu@physx@@QEAA@XZ 0000000180004370 f   EdgeList.obj
 0001:00003380       ?computeActiveEdges@EdgeListBuilder@Gu@physx@@AEAA_NIPEBIPEBGPEBVPxVec3@3@M@Z 0000000180004380 f   EdgeList.obj
 0001:000049f0       ?createEdgesToFaces@EdgeListBuilder@Gu@physx@@AEAA_NIPEBIPEBG@Z 00000001800059f0 f   EdgeList.obj
 0001:00004c40       ?createFacesToEdges@EdgeListBuilder@Gu@physx@@AEAA_NIPEBIPEBG@Z 0000000180005c40 f   EdgeList.obj
 0001:000050c0       ?init@EdgeListBuilder@Gu@physx@@QEAA_NAEBUEDGELISTCREATE@23@@Z 00000001800060c0 f   EdgeList.obj
 0001:000051f0       ??0MeshCleaner@physx@@QEAA@IPEBVPxVec3@1@IPEBIM@Z 00000001800061f0 f   MeshCleaner.obj
 0001:00005bb0       ??1MeshCleaner@physx@@QEAA@XZ 0000000180006bb0 f   MeshCleaner.obj
 0001:00005c40       ??$kmeans_cluster@VPxVec3@physx@@M@@YAIPEBVPxVec3@physx@@IIPEAV01@PEAIMM@Z 0000000180006c40 f i Quantizer.obj
 0001:00006530       ??_GQuantizer@physx@@MEAAPEAXI@Z 0000000180007530 f i Quantizer.obj
 0001:00006530       ??_EQuantizer@physx@@MEAAPEAXI@Z 0000000180007530 f i Quantizer.obj
 0001:00006560       ??_EQuantizerImpl@@EEAAPEAXI@Z 0000000180007560 f i Quantizer.obj
 0001:00006560       ??_GQuantizerImpl@@EEAAPEAXI@Z 0000000180007560 f i Quantizer.obj
 0001:00006630       ?createQuantizer@physx@@YAPEAVQuantizer@1@XZ 0000000180007630 f   Quantizer.obj
 0001:00006750       ?getDenormalizeCenter@QuantizerImpl@@UEBAAEBVPxVec3@physx@@XZ 0000000180007750 f i Quantizer.obj
 0001:00006760       ?growAndPushBack@?$Array@VPxVec3@physx@@VNamedAllocator@shdfnd@2@@shdfnd@physx@@IEAAAEAVPxVec3@3@AEBV43@@Z 0000000180007760 f i Quantizer.obj
 0001:00006900       ?kmeansQuantize3D@QuantizerImpl@@UEAAPEBVPxVec3@physx@@IPEBV23@I_NIAEAI@Z 0000000180007900 f i Quantizer.obj
 0001:00006b70       ?normalizeInput@QuantizerImpl@@AEAAXIPEBVPxVec3@physx@@I@Z 0000000180007b70 f i Quantizer.obj
 0001:00006fa0       ?release@QuantizerImpl@@UEAAXXZ 0000000180007fa0 f i Quantizer.obj
 0001:00006fc0       ??$copy@VNamedAllocator@shdfnd@physx@@@?$Array@USlab@NodeAllocator@Gu@physx@@VNamedAllocator@shdfnd@4@@shdfnd@physx@@IEAAXAEBV012@@Z 0000000180007fc0 f i BVHStructureBuilder.obj
 0001:00007040       ??0AABBTreeBuildNode@Gu@physx@@QEAA@AEBV012@@Z 0000000180008040 f i BVHStructureBuilder.obj
 0001:00007040       ??4AABBTreeBuildNode@Gu@physx@@QEAAAEAV012@AEBV012@@Z 0000000180008040 f i BVHStructureBuilder.obj
 0001:00007080       ??0AABBTreeBuildParams@Gu@physx@@QEAA@IIPEBVPxBounds3@2@@Z 0000000180008080 f i BVHStructureBuilder.obj
 0001:000070a0       ??0BVHStructureBuilder@physx@@QEAA@XZ 00000001800080a0 f   BVHStructureBuilder.obj
 0001:000070c0       ??0BuildStats@Gu@physx@@QEAA@XZ 00000001800080c0 f i BVHStructureBuilder.obj
 0001:000070d0       ??0NodeAllocator@Gu@physx@@QEAA@AEBV012@@Z 00000001800080d0 f i BVHStructureBuilder.obj
 0001:00007140       ?reset@AABBTreeBuildParams@Gu@physx@@QEAAXXZ 0000000180008140 f i BVHStructureBuilder.obj
 0001:00007140       ??1AABBTreeBuildParams@Gu@physx@@QEAA@XZ 0000000180008140 f i BVHStructureBuilder.obj
 0001:000071a0       ??1BVHStructureBuilder@physx@@QEAA@XZ 00000001800081a0 f   BVHStructureBuilder.obj
 0001:00007220       ??4AABBTreeBuildParams@Gu@physx@@QEAAAEAV012@AEBV012@@Z 0000000180008220 f i BVHStructureBuilder.obj
 0001:00007240       ??4BuildStats@Gu@physx@@QEAAAEAU012@$$QEAU012@@Z 0000000180008240 f i BVHStructureBuilder.obj
 0001:00007250       ??4BuildStats@Gu@physx@@QEAAAEAU012@AEBU012@@Z 0000000180008250 f i BVHStructureBuilder.obj
 0001:00007260       ??4NodeAllocator@Gu@physx@@QEAAAEAV012@AEBV012@@Z 0000000180008260 f i BVHStructureBuilder.obj
 0001:00007310       ??_FAABBTreeBuildParams@Gu@physx@@QEAAXXZ 0000000180008310 f i BVHStructureBuilder.obj
 0001:00007330       ??_V@YAXPEAX_K@Z           0000000180008330 f i MSVCRT:delete_array_size.obj
 0001:00007330       ?__global_delete@@YAXPEAX_K@Z 0000000180008330 f i BVHStructureBuilder.obj
 0001:00007340       ?allocate@?$Array@USlab@NodeAllocator@Gu@physx@@VNamedAllocator@shdfnd@4@@shdfnd@physx@@IEAAPEAUSlab@NodeAllocator@Gu@3@I@Z 0000000180008340 f i BVHStructureBuilder.obj
 0001:000073a0       ?getCount@BuildStats@Gu@physx@@QEBAIXZ 00000001800083a0 f i BVHStructureBuilder.obj
 0001:000073b0       ?getNbRuntimePrimitives@AABBTreeBuildNode@Gu@physx@@QEBAIXZ 00000001800083b0 f i BVHStructureBuilder.obj
 0001:000073b0       ?getNbPrimitives@AABBTreeBuildNode@Gu@physx@@QEBAIXZ 00000001800083b0 f i BVHStructureBuilder.obj
 0001:000073c0       ?getNeg@AABBTreeBuildNode@Gu@physx@@QEBAPEBV123@XZ 00000001800083c0 f i BVHStructureBuilder.obj
 0001:000073e0       ?getPrimitives@AABBTreeBuildNode@Gu@physx@@QEAAPEAIPEAI@Z 00000001800083e0 f i BVHStructureBuilder.obj
 0001:000073e0       ?getPrimitives@AABBTreeBuildNode@Gu@physx@@QEBAPEBIPEBI@Z 00000001800083e0 f i BVHStructureBuilder.obj
 0001:000073f0       ?increaseCount@BuildStats@Gu@physx@@QEAAXI@Z 00000001800083f0 f i BVHStructureBuilder.obj
 0001:00007400       ?isLeaf@AABBTreeBuildNode@Gu@physx@@QEBA_NXZ 0000000180008400 f i BVHStructureBuilder.obj
 0001:00007410       ?loadFromDesc@BVHStructureBuilder@physx@@QEAA_NAEBVPxBVHStructureDesc@2@@Z 0000000180008410 f   BVHStructureBuilder.obj
 0001:000078b0       ?moveData@BVHStructureBuilder@physx@@QEAAXAEAUBVHStructureData@Gu@2@@Z 00000001800088b0 f   BVHStructureBuilder.obj
 0001:000078f0       ?recreate@?$Array@USlab@NodeAllocator@Gu@physx@@VNamedAllocator@shdfnd@4@@shdfnd@physx@@IEAAXI@Z 00000001800088f0 f i BVHStructureBuilder.obj
 0001:000079a0       ?reset@BuildStats@Gu@physx@@QEAAXXZ 00000001800089a0 f i BVHStructureBuilder.obj
 0001:000079b0       ?save@BVHStructureBuilder@physx@@QEBA_NAEAVPxOutputStream@2@_N@Z 00000001800089b0 f   BVHStructureBuilder.obj
 0001:00007b30       ?setCount@BuildStats@Gu@physx@@QEAAXI@Z 0000000180008b30 f i BVHStructureBuilder.obj
 0001:00007b40       ?setNbRunTimePrimitives@AABBTreeBuildNode@Gu@physx@@QEAAXI@Z 0000000180008b40 f i BVHStructureBuilder.obj
 0001:00007b50       ?saveHeightField@physx@@YA_NAEBVHeightField@Gu@1@AEAVPxOutputStream@1@_N@Z 0000000180008b50 f   HeightFieldCooking.obj
 0001:00007d90       ??$quickSelectFirstK@UBoundsLTE@physx@@@quickSelect@physx@@YAXPEIAIIIIAEBUBoundsLTE@1@@Z 0000000180008d90 f i RTreeCooking.obj
 0001:00007f70       ??$smallSort@I$$CBUSortBoundsPredicate@physx@@@internal@shdfnd@physx@@YAXPEAIHHAEBUSortBoundsPredicate@2@@Z 0000000180008f70 f i RTreeCooking.obj
 0001:00008240       ??$sort@IU?$Less@I@shdfnd@physx@@VNamedAllocator@23@@shdfnd@physx@@YAXPEAIIAEBU?$Less@I@01@AEBVNamedAllocator@01@I@Z 0000000180009240 f i RTreeCooking.obj
 0001:00008600       ??$sort@IUSortBoundsPredicate@physx@@VNamedAllocator@shdfnd@2@@shdfnd@physx@@YAXPEAIIAEBUSortBoundsPredicate@1@AEBVNamedAllocator@01@I@Z 0000000180009600 f i RTreeCooking.obj
 0001:00008a60       ??0?$InlineArray@UInterval@physx@@$0EAA@VNamedAllocator@shdfnd@2@@shdfnd@physx@@QEAA@AEBVNamedAllocator@12@@Z 0000000180009a60 f i RTreeCooking.obj
 0001:00008b30       ?allocate@?$Array@UInterval@physx@@V?$InlineAllocator@$0CAAA@VNamedAllocator@shdfnd@physx@@@shdfnd@2@@shdfnd@physx@@IEAAPEAUInterval@3@I@Z 0000000180009b30 f i RTreeCooking.obj
 0001:00009940       ?buildFromTriangles@RTreeCooker@physx@@SAXAEAURTree@Gu@2@PEBVPxVec3@2@IPEBGPEBIIAEAV?$Array@IVNamedAllocator@shdfnd@physx@@@shdfnd@2@PEAURemapCallback@12@MW4Enum@PxMeshCookingHint@2@@Z 000000018000a940 f   RTreeCooking.obj
 0001:00009bd0       ?copy@?$Array@URTreeNodeNQ@physx@@VNamedAllocator@shdfnd@2@@shdfnd@physx@@KAXPEAURTreeNodeNQ@3@0PEBU43@@Z 000000018000abd0 f i RTreeCooking.obj
 0001:00009d90       ?copy@?$Array@VPxVec3@physx@@VNamedAllocator@shdfnd@2@@shdfnd@physx@@KAXPEAVPxVec3@3@0PEBV43@@Z 000000018000ad90 f i RTreeCooking.obj
 0001:00009e60       ?growAndPushBack@?$Array@VHalfEdge@ConvexHull@physx@@VNamedAllocator@shdfnd@3@@shdfnd@physx@@IEAAAEAVHalfEdge@ConvexHull@3@AEBV453@@Z 000000018000ae60 f i ConvexHullUtils.obj
 0001:00009e60       ?growAndPushBack@?$Array@IVNamedAllocator@shdfnd@physx@@@shdfnd@physx@@IEAAAEAIAEBI@Z 000000018000ae60 f i RTreeCooking.obj
 0001:00009f50       ?growAndPushBack@?$Array@UInterval@physx@@V?$InlineAllocator@$0CAAA@VNamedAllocator@shdfnd@physx@@@shdfnd@2@@shdfnd@physx@@IEAAAEAUInterval@3@AEBU43@@Z 000000018000af50 f i RTreeCooking.obj
 0001:0000a030       ?growAndPushBack@?$Array@UPxBounds3V@physx@@VNamedAllocator@shdfnd@2@@shdfnd@physx@@IEAAAEAUPxBounds3V@3@AEBU43@@Z 000000018000b030 f i RTreeCooking.obj
 0001:0000a140       ?growAndPushBack@?$Array@URTreeNodeNQ@physx@@VNamedAllocator@shdfnd@2@@shdfnd@physx@@IEAAAEAURTreeNodeNQ@3@AEBU43@@Z 000000018000b140 f i RTreeCooking.obj
 0001:0000a250       ?growAndPushBack@?$Array@URTreeNodeQ@Gu@physx@@VNamedAllocator@shdfnd@3@@shdfnd@physx@@IEAAAEAURTreeNodeQ@Gu@3@AEBU453@@Z 000000018000b250 f i RTreeCooking.obj
 0001:0000a370       ?recreate@?$Array@VHalfEdge@ConvexHull@physx@@VNamedAllocator@shdfnd@3@@shdfnd@physx@@IEAAXI@Z 000000018000b370 f i ConvexHullUtils.obj
 0001:0000a370       ?recreate@?$Array@IVNamedAllocator@shdfnd@physx@@@shdfnd@physx@@IEAAXI@Z 000000018000b370 f i RTreeCooking.obj
 0001:0000a420       ?recreate@?$Array@UPxBounds3V@physx@@VNamedAllocator@shdfnd@2@@shdfnd@physx@@IEAAXI@Z 000000018000b420 f i RTreeCooking.obj
 0001:0000a4e0       ?recreate@?$Array@URTreeNodeNQ@physx@@VNamedAllocator@shdfnd@2@@shdfnd@physx@@IEAAXI@Z 000000018000b4e0 f i RTreeCooking.obj
 0001:0000a580       ?recreate@?$Array@URTreeNodeQ@Gu@physx@@VNamedAllocator@shdfnd@3@@shdfnd@physx@@IEAAXI@Z 000000018000b580 f i RTreeCooking.obj
 0001:0000a640       ?recreate@?$Array@VPxVec3@physx@@VNamedAllocator@shdfnd@2@@shdfnd@physx@@IEAAXI@Z 000000018000b640 f i RTreeCooking.obj
 0001:0000a6e0       ?resize@?$Array@IVNamedAllocator@shdfnd@physx@@@shdfnd@physx@@QEAAXIAEBI@Z 000000018000b6e0 f i RTreeCooking.obj
 0001:0000a7a0       ?resizeUninitialized@?$Array@URTreeNodeNQ@physx@@VNamedAllocator@shdfnd@2@@shdfnd@physx@@QEAAXI@Z 000000018000b7a0 f i RTreeCooking.obj
 0001:0000a7e0       ?sort4@SubSortQuick@physx@@QEAAXPEIAIIAEAV?$Array@URTreeNodeNQ@physx@@VNamedAllocator@shdfnd@2@@shdfnd@2@AEAIAEAUPxBounds3V@2@I@Z 000000018000b7e0 f i RTreeCooking.obj
 0001:0000ab70       ?sort4@SubSortSAH@physx@@QEAAXPEAIIAEAV?$Array@URTreeNodeNQ@physx@@VNamedAllocator@shdfnd@2@@shdfnd@2@AEAIIPEAURTreeNodeNQ@2@@Z 000000018000bb70 f i RTreeCooking.obj
 0001:0000b400       ?split@SubSortSAH@physx@@QEAAIPEAII@Z 000000018000c400 f i RTreeCooking.obj
 0001:0000be30       ?computeLocalBounds@MeshBulider@physx@@IEAAXAEAVMeshDataBase@Gu@2@@Z 000000018000ce30 f   MeshBuilder.obj
 0001:0000bec0       ??$?_UG@@YAPEAX_KV?$ReflectionAllocator@G@shdfnd@physx@@PEBDH@Z 000000018000cec0 f i TriangleMeshBuilder.obj
 0001:0000bf60       ??$sort@UEdgeTriLookup@physx@@U?$Less@UEdgeTriLookup@physx@@@shdfnd@2@VNamedAllocator@42@@shdfnd@physx@@YAXPEAUEdgeTriLookup@1@IAEBU?$Less@UEdgeTriLookup@physx@@@01@AEBVNamedAllocator@01@I@Z 000000018000cf60 f i TriangleMeshBuilder.obj
 0001:0000c450       ??0BV4TriangleMeshBuilder@physx@@QEAA@AEBUPxCookingParams@1@@Z 000000018000d450 f   TriangleMeshBuilder.obj
 0001:0000c520       ??0RTreeTriangleMeshBuilder@physx@@QEAA@AEBUPxCookingParams@1@@Z 000000018000d520 f   TriangleMeshBuilder.obj
 0001:0000c5e0       ??1BV4TriangleMeshBuilder@physx@@UEAA@XZ 000000018000d5e0 f   TriangleMeshBuilder.obj
 0001:0000c640       ??1MeshDataBase@Gu@physx@@UEAA@XZ 000000018000d640 f i TriangleMeshBuilder.obj
 0001:0000c720       ??1RTreeTriangleData@Gu@physx@@UEAA@XZ 000000018000d720 f i TriangleMeshBuilder.obj
 0001:0000c790       ??1RTreeTriangleMeshBuilder@physx@@UEAA@XZ 000000018000d790 f   TriangleMeshBuilder.obj
 0001:0000c7c0       ??1TriangleMeshBuilder@physx@@UEAA@XZ 000000018000d7c0 f   TriangleMeshBuilder.obj
 0001:0000c820       ??1TriangleMeshData@Gu@physx@@UEAA@XZ 000000018000d820 f i TriangleMeshBuilder.obj
 0001:0000c8f0       ??_GBV4TriangleData@Gu@physx@@UEAAPEAXI@Z 000000018000d8f0 f i TriangleMeshBuilder.obj
 0001:0000c8f0       ??_EBV4TriangleData@Gu@physx@@UEAAPEAXI@Z 000000018000d8f0 f i TriangleMeshBuilder.obj
 0001:0000c970       ??_EBV4TriangleMeshBuilder@physx@@UEAAPEAXI@Z 000000018000d970 f i TriangleMeshBuilder.obj
 0001:0000c970       ??_GBV4TriangleMeshBuilder@physx@@UEAAPEAXI@Z 000000018000d970 f i TriangleMeshBuilder.obj
 0001:0000c9f0       ??_EMeshDataBase@Gu@physx@@UEAAPEAXI@Z 000000018000d9f0 f i TriangleMeshBuilder.obj
 0001:0000c9f0       ??_GMeshDataBase@Gu@physx@@UEAAPEAXI@Z 000000018000d9f0 f i TriangleMeshBuilder.obj
 0001:0000ca50       ??_ERTreeCookerRemap@physx@@UEAAPEAXI@Z 000000018000da50 f i TriangleMeshBuilder.obj
 0001:0000ca50       ??_GRTreeCookerRemap@physx@@UEAAPEAXI@Z 000000018000da50 f i TriangleMeshBuilder.obj
 0001:0000ca80       ??_GRTreeTriangleData@Gu@physx@@UEAAPEAXI@Z 000000018000da80 f i TriangleMeshBuilder.obj
 0001:0000ca80       ??_ERTreeTriangleData@Gu@physx@@UEAAPEAXI@Z 000000018000da80 f i TriangleMeshBuilder.obj
 0001:0000cae0       ??_GRTreeTriangleMeshBuilder@physx@@UEAAPEAXI@Z 000000018000dae0 f i TriangleMeshBuilder.obj
 0001:0000cae0       ??_ERTreeTriangleMeshBuilder@physx@@UEAAPEAXI@Z 000000018000dae0 f i TriangleMeshBuilder.obj
 0001:0000cb30       ??_ERemapCallback@RTreeCooker@physx@@UEAAPEAXI@Z 000000018000db30 f i TriangleMeshBuilder.obj
 0001:0000cb30       ??_GRemapCallback@RTreeCooker@physx@@UEAAPEAXI@Z 000000018000db30 f i TriangleMeshBuilder.obj
 0001:0000cb60       ??_ETriangleMeshBuilder@physx@@UEAAPEAXI@Z 000000018000db60 f i TriangleMeshBuilder.obj
 0001:0000cb60       ??_GTriangleMeshBuilder@physx@@UEAAPEAXI@Z 000000018000db60 f i TriangleMeshBuilder.obj
 0001:0000cba0       ??_ETriangleMeshData@Gu@physx@@UEAAPEAXI@Z 000000018000dba0 f i TriangleMeshBuilder.obj
 0001:0000cba0       ??_GTriangleMeshData@Gu@physx@@UEAAPEAXI@Z 000000018000dba0 f i TriangleMeshBuilder.obj
 0001:0000cc00       ?allocateTriangles@TriangleMeshData@Gu@physx@@QEAAPEAXI_NI@Z 000000018000dc00 f i TriangleMeshBuilder.obj
 0001:0000ccd0       ?allocateVertices@MeshDataBase@Gu@physx@@QEAAPEAVPxVec3@3@I@Z 000000018000dcd0 f i TriangleMeshBuilder.obj
 0001:0000d1e0       ?checkMeshIndicesSize@TriangleMeshBuilder@physx@@QEAAXXZ 000000018000e1e0 f   TriangleMeshBuilder.obj
 0001:0000d2f0       ?cleanMesh@TriangleMeshBuilder@physx@@QEAA_N_NPEAW4Enum@PxTriangleMeshCookingResult@2@@Z 000000018000e2f0 f   TriangleMeshBuilder.obj
 0001:0000d7b0       ?createGRBMidPhaseAndData@TriangleMeshBuilder@physx@@QEAAXI@Z 000000018000e7b0 f   TriangleMeshBuilder.obj
 0001:0000db30       ?createMidPhaseStructure@BV4TriangleMeshBuilder@physx@@UEAAXXZ 000000018000eb30 f   TriangleMeshBuilder.obj
 0001:0000ddf0       ?createMidPhaseStructure@RTreeTriangleMeshBuilder@physx@@UEAAXXZ 000000018000edf0 f   TriangleMeshBuilder.obj
 0001:0000df20       ?createSharedEdgeData@TriangleMeshBuilder@physx@@QEAAX_N0@Z 000000018000ef20 f   TriangleMeshBuilder.obj
 0001:0000e570       _get_startup_argv_mode     000000018000f570 f i MSVCRT:argv_mode.obj
 0001:0000e570       ?getMidphaseID@BV4TriangleMeshBuilder@physx@@UEBA?AW4Enum@PxMeshMidPhase@2@XZ 000000018000f570 f i TriangleMeshBuilder.obj
 0001:0000e580       _is_c_termination_complete 000000018000f580 f i MSVCRT:ucrt_stubs.obj
 0001:0000e580       __scrt_stub_for_is_c_termination_complete 000000018000f580 f i MSVCRT:ucrt_stubs.obj
 0001:0000e580       ?getMidphaseID@RTreeTriangleMeshBuilder@physx@@UEBA?AW4Enum@PxMeshMidPhase@2@XZ 000000018000f580 f i TriangleMeshBuilder.obj
 0001:0000e590       ?importMesh@TriangleMeshBuilder@physx@@IEAA_NAEBVPxTriangleMeshDesc@2@AEBUPxCookingParams@2@PEAW4Enum@PxTriangleMeshCookingResult@2@_N@Z 000000018000f590 f   TriangleMeshBuilder.obj
 0001:0000e930       ?loadFromDesc@TriangleMeshBuilder@physx@@QEAA_NAEBVPxTriangleMeshDesc@2@PEAW4Enum@PxTriangleMeshCookingResult@2@_N@Z 000000018000f930 f   TriangleMeshBuilder.obj
 0001:0000ed10       ?onMeshIndexFormatChange@BV4TriangleMeshBuilder@physx@@UEAAXXZ 000000018000fd10 f   TriangleMeshBuilder.obj
 0001:0000ed50       ?remap@RTreeCookerRemap@physx@@UEAAXPEAIII@Z 000000018000fd50 f i TriangleMeshBuilder.obj
 0001:0000ed70       ?remapTopology@TriangleMeshBuilder@physx@@QEAAXPEBI@Z 000000018000fd70 f   TriangleMeshBuilder.obj
 0001:0000f070       ?save@TriangleMeshBuilder@physx@@QEBA_NAEAVPxOutputStream@2@_NAEBUPxCookingParams@2@@Z 0000000180010070 f   TriangleMeshBuilder.obj
 0001:0000f640       ?saveMidPhaseStructure@BV4TriangleMeshBuilder@physx@@UEBAXAEAVPxOutputStream@2@_N@Z 0000000180010640 f   TriangleMeshBuilder.obj
 0001:0000f7e0       ?saveMidPhaseStructure@RTreeTriangleMeshBuilder@physx@@UEBAXAEAVPxOutputStream@2@_N@Z 00000001800107e0 f   TriangleMeshBuilder.obj
 0001:0000fa20       ??0BigConvexDataBuilder@physx@@QEAA@PEBUConvexHullData@Gu@1@PEAVBigConvexData@1@PEBVPxVec3@1@@Z 0000000180010a20 f   BigConvexDataBuilder.obj
 0001:0000fa30       ??4BigConvexData@physx@@QEAAAEAV01@AEBV01@@Z 0000000180010a30 f i BigConvexDataBuilder.obj
 0001:0000fa50       ?GetAdjacentVerts@BigConvexData@physx@@QEBAPEBEXZ 0000000180010a50 f i BigConvexDataBuilder.obj
 0001:0000fa60       ?GetValency@BigConvexData@physx@@QEBAGI@Z 0000000180010a60 f i BigConvexDataBuilder.obj
 0001:0000fa60       ?GetNbNeighbors@BigConvexData@physx@@QEBAGI@Z 0000000180010a60 f i BigConvexDataBuilder.obj
 0001:0000fa70       ?GetNbSamples@BigConvexData@physx@@QEBAIXZ 0000000180010a70 f i BigConvexDataBuilder.obj
 0001:0000fa80       ?GetNbVerts@BigConvexData@physx@@QEBAIXZ 0000000180010a80 f i BigConvexDataBuilder.obj
 0001:0000fa90       ?GetNeighbors@BigConvexData@physx@@QEBAPEBEI@Z 0000000180010a90 f i BigConvexDataBuilder.obj
 0001:0000faa0       ?GetOffset@BigConvexData@physx@@QEBAGI@Z 0000000180010aa0 f i BigConvexDataBuilder.obj
 0001:0000fab0       ?GetSubdiv@BigConvexData@physx@@QEBAIXZ 0000000180010ab0 f i BigConvexDataBuilder.obj
 0001:0000fac0       ?computeValencies@BigConvexDataBuilder@physx@@QEAA_NAEBVConvexHullBuilder@2@@Z 0000000180010ac0 f   BigConvexDataBuilder.obj
 0001:0000feb0       ?precompute@BigConvexDataBuilder@physx@@QEAA_NI@Z 0000000180010eb0 f   BigConvexDataBuilder.obj
 0001:00010af0       ?save@BigConvexDataBuilder@physx@@QEBA_NAEAVPxOutputStream@2@_N@Z 0000000180011af0 f   BigConvexDataBuilder.obj
 0001:00010d30       ??$?_UE@@YAPEAX_KV?$ReflectionAllocator@E@shdfnd@physx@@PEBDH@Z 0000000180011d30 f i ConvexHullBuilder.obj
 0001:00010dd0       ??0ConvexHullBuilder@physx@@QEAA@PEAUConvexHullData@Gu@1@_N@Z 0000000180011dd0 f   ConvexHullBuilder.obj
 0001:00010e00       ??1ConvexHullBuilder@physx@@QEAA@XZ 0000000180011e00 f   ConvexHullBuilder.obj
 0001:00010f00       ?calculateVertexMapTable@ConvexHullBuilder@physx@@QEAA_NI_N@Z 0000000180011f00 f   ConvexHullBuilder.obj
 0001:00011110       ?checkHullPolygons@ConvexHullBuilder@physx@@QEBA_NXZ 0000000180012110 f   ConvexHullBuilder.obj
 0001:000116f0       ?computeGeomCenter@ConvexHullBuilder@physx@@IEBA_NAEAVPxVec3@2@IPEAUHullTriangleData@2@@Z 00000001800126f0 f   ConvexHullBuilder.obj
 0001:000119b0       ?copy@ConvexHullBuilder@physx@@QEAA_NAEAUConvexHullData@Gu@2@AEAI@Z 00000001800129b0 f   ConvexHullBuilder.obj
 0001:00011c20       ?createEdgeList@ConvexHullBuilder@physx@@QEAA_N_NI@Z 0000000180012c20 f   ConvexHullBuilder.obj
 0001:00012490       ?init@ConvexHullBuilder@physx@@QEAA_NIPEBVPxVec3@2@PEBIIIPEBUPxHullPolygon@2@_NPEAVConvexHullLib@2@@Z 0000000180013490 f   ConvexHullBuilder.obj
 0001:00012e00       ?save@ConvexHullBuilder@physx@@QEBA_NAEAVPxOutputStream@2@_N@Z 0000000180013e00 f   ConvexHullBuilder.obj
 0001:00013120       ??1ConvexHullLib@physx@@UEAA@XZ 0000000180014120 f   ConvexHullLib.obj
 0001:00013180       ??_GConvexHullLib@physx@@UEAAPEAXI@Z 0000000180014180 f i ConvexHullLib.obj
 0001:00013180       ??_EConvexHullLib@physx@@UEAAPEAXI@Z 0000000180014180 f i ConvexHullLib.obj
 0001:000136f0       ?cleanupVertices@ConvexHullLib@physx@@IEAA_NIPEBVPxVec3@2@IAEAIPEAV32@AEAV32@3@Z 00000001800146f0 f   ConvexHullLib.obj
 0001:00013b70       ?shiftAndcleanupVertices@ConvexHullLib@physx@@IEAA_NIPEBVPxVec3@2@IAEAIPEAV32@AEAV32@3@Z 0000000180014b70 f   ConvexHullLib.obj
 0001:00014060       ?shiftConvexMeshDesc@ConvexHullLib@physx@@IEAAXAEAVPxConvexMeshDesc@2@@Z 0000000180015060 f   ConvexHullLib.obj
 0001:00014120       ?swapLargestFace@ConvexHullLib@physx@@IEAAXAEAVPxConvexMeshDesc@2@@Z 0000000180015120 f   ConvexHullLib.obj
 0001:00014310       ??4Box@Gu@physx@@QEAAAEBV012@AEBV012@@Z 0000000180015310 f i ConvexHullUtils.obj
 0001:00014310       ??0Box@Gu@physx@@QEAA@AEBV012@@Z 0000000180015310 f i ConvexHullUtils.obj
 0001:00014370       ??0Box@Gu@physx@@QEAA@AEBVPxVec3@2@0AEBVPxMat33@2@@Z 0000000180015370 f i ConvexHullUtils.obj
 0001:000143e0       ??0ConvexHull@physx@@QEAA@AEBVPxVec3@1@AEBVPxTransform@1@AEBV?$Array@VPxPlane@physx@@VNamedAllocator@shdfnd@2@@shdfnd@1@@Z 00000001800153e0 f   ConvexHullUtils.obj
 0001:00015710       ??0PxQuat@physx@@QEAA@AEBVPxMat33@1@@Z 0000000180016710 f i ConvexHullUtils.obj
 0001:000158f0       ?assertIntact@ConvexHull@physx@@QEBA_NM@Z 00000001800168f0 f   ConvexHullUtils.obj
 0001:00015c00       ?computeAABBExtent@Box@Gu@physx@@QEBA?AVPxVec3@3@XZ 0000000180016c00 f i ConvexHullUtils.obj
 0001:00015cc0       ?computeBoxPoints@Box@Gu@physx@@QEBAXPEIAVPxVec3@3@@Z 0000000180016cc0 f i ConvexHullUtils.obj
 0001:00015d00       ?computeOBBFromConvex@physx@@YA_NAEBVPxConvexMeshDesc@1@AEAVPxVec3@1@AEAVPxTransform@1@@Z 0000000180016d00 f   ConvexHullUtils.obj
 0001:000163f0       ?computeOBBSIMD@local@@YAXIPEBT__m128@@AEAT2@AEBT2@1@Z 00000001800173f0 f   ConvexHullUtils.obj
 0001:00016800       ?convexHullCrop@physx@@YAPEAVConvexHull@1@AEBV21@AEBVPxPlane@1@M@Z 0000000180017800 f   ConvexHullUtils.obj
 0001:000176b0       ?copy@?$Array@VPxPlane@physx@@VNamedAllocator@shdfnd@2@@shdfnd@physx@@KAXPEAVPxPlane@3@0PEBV43@@Z 00000001800186b0 f i ConvexHullUtils.obj
 0001:000177b0       ?findCandidatePlane@ConvexHull@physx@@QEBAHMM@Z 00000001800187b0 f   ConvexHullUtils.obj
 0001:00017c20       ?getInverse@PxMat33@physx@@QEBA?BV12@XZ 0000000180018c20 f i ConvexHullUtils.obj
 0001:00017e70       ?getTransform@Box@Gu@physx@@QEBA?AVPxTransform@3@XZ 0000000180018e70 f i ConvexHullUtils.obj
 0001:00017ed0       ?growAndPushBack@?$Array@VPxPlane@physx@@VNamedAllocator@shdfnd@2@@shdfnd@physx@@IEAAAEAVPxPlane@3@AEBV43@@Z 0000000180018ed0 f i ConvexHullUtils.obj
 0001:00017fc0       ?isValid@Box@Gu@physx@@QEBA_NXZ 0000000180018fc0 f i ConvexHullUtils.obj
 0001:00017fe0       ?maxNumVertsPerFace@ConvexHull@physx@@QEBAIXZ 0000000180018fe0 f   ConvexHullUtils.obj
 0001:00018050       ?recreate@?$Array@VPxPlane@physx@@VNamedAllocator@shdfnd@2@@shdfnd@physx@@IEAAXI@Z 0000000180019050 f i ConvexHullUtils.obj
 0001:000180f0       ?resize@?$Array@VHalfEdge@ConvexHull@physx@@VNamedAllocator@shdfnd@3@@shdfnd@physx@@QEAAXIAEBVHalfEdge@ConvexHull@3@@Z 00000001800190f0 f i ConvexHullUtils.obj
 0001:000181b0       ?resize@?$Array@VPxPlane@physx@@VNamedAllocator@shdfnd@2@@shdfnd@physx@@QEAAXIAEBVPxPlane@3@@Z 00000001800191b0 f i ConvexHullUtils.obj
 0001:000182d0       ?resize@?$Array@VPxVec3@physx@@VNamedAllocator@shdfnd@2@@shdfnd@physx@@QEAAXIAEBVPxVec3@3@@Z 00000001800192d0 f i ConvexHullUtils.obj
 0001:000183c0       ?rotate@Box@Gu@physx@@QEBA?AVPxVec3@3@AEBV43@@Z 00000001800193c0 f i ConvexHullUtils.obj
 0001:00018450       ?rotateInv@Box@Gu@physx@@QEBA?AVPxVec3@3@AEBV43@@Z 0000000180019450 f i ConvexHullUtils.obj
 0001:000184e0       ?setAxes@Box@Gu@physx@@QEAAXAEBVPxVec3@3@00@Z 00000001800194e0 f i ConvexHullUtils.obj
 0001:00018520       ?setEmpty@Box@Gu@physx@@QEAAXXZ 0000000180019520 f i ConvexHullUtils.obj
 0001:00018560       ?transform@Box@Gu@physx@@QEBA?AVPxVec3@3@AEBV43@@Z 0000000180019560 f i ConvexHullUtils.obj
 0001:00018600       ??0ConvexMeshBuilder@physx@@QEAA@_N@Z 0000000180019600 f   ConvexMeshBuilder.obj
 0001:00018660       ??1ConvexMeshBuilder@physx@@QEAA@XZ 0000000180019660 f   ConvexMeshBuilder.obj
 0001:00018ab0       ?build@ConvexMeshBuilder@physx@@QEAA_NAEBVPxConvexMeshDesc@2@I_NPEAVConvexHullLib@2@@Z 0000000180019ab0 f   ConvexMeshBuilder.obj
 0001:00018de0       ?computeHullPolygons@ConvexMeshBuilder@physx@@QEAA_NAEBIPEBVPxVec3@2@0PEBIAEAVPxAllocatorCallback@2@AEAIAEAPEAV32@4AEAPEAI4AEAPEAUPxHullPolygon@2@@Z 0000000180019de0 f   ConvexMeshBuilder.obj
 0001:00019000       ?computeMassInfo@ConvexMeshBuilder@physx@@QEAAX_N@Z 000000018001a000 f   ConvexMeshBuilder.obj
 0001:000193d0       ?copy@ConvexMeshBuilder@physx@@QEAA_NAEAUConvexHullInitData@Gu@2@@Z 000000018001a3d0 f   ConvexMeshBuilder.obj
 0001:000194f0       ?isFinite@PxVec3@physx@@QEBA_NXZ 000000018001a4f0 f i ConvexMeshBuilder.obj
 0001:00019550       ?loadConvexHull@ConvexMeshBuilder@physx@@QEAA_NAEBVPxConvexMeshDesc@2@PEAVConvexHullLib@2@@Z 000000018001a550 f   ConvexMeshBuilder.obj
 0001:000197d0       ?save@ConvexMeshBuilder@physx@@QEBA_NAEAVPxOutputStream@2@_N@Z 000000018001a7d0 f   ConvexMeshBuilder.obj
 0001:000199e0       ??$copy@VNamedAllocator@shdfnd@physx@@@?$Array@VPair@@VNamedAllocator@shdfnd@physx@@@shdfnd@physx@@IEAAXAEBV012@@Z 000000018001a9e0 f i ConvexPolygonsBuilder.obj
 0001:00019a60       ??0ConvexPolygonsBuilder@physx@@QEAA@PEAUConvexHullData@Gu@1@_N@Z 000000018001aa60 f   ConvexPolygonsBuilder.obj
 0001:00019a80       ??1ConvexPolygonsBuilder@physx@@QEAA@XZ 000000018001aa80 f   ConvexPolygonsBuilder.obj
 0001:0001a2d0       ?allocate@?$Array@VPair@@VNamedAllocator@shdfnd@physx@@@shdfnd@physx@@IEAAPEAVPair@@I@Z 000000018001b2d0 f i ConvexPolygonsBuilder.obj
 0001:0001aab0       ?computeHullPolygons@ConvexPolygonsBuilder@physx@@QEAA_NAEBIPEBVPxVec3@2@0PEBI@Z 000000018001bab0 f   ConvexPolygonsBuilder.obj
 0001:0001bb60       ?createPolygonData@ConvexPolygonsBuilder@physx@@AEAA_NXZ 000000018001cb60 f   ConvexPolygonsBuilder.obj
 0001:0001c790       ?createTrianglesFromPolygons@ConvexPolygonsBuilder@physx@@AEAA_NXZ 000000018001d790 f   ConvexPolygonsBuilder.obj
 0001:0001de60       ?growAndPushBack@?$Array@VPair@@VNamedAllocator@shdfnd@physx@@@shdfnd@physx@@IEAAAEAVPair@@AEBV4@@Z 000000018001ee60 f i ConvexPolygonsBuilder.obj
 0001:0001df50       ??0QuickHull@local@@QEAA@AEBUPxCookingParams@physx@@AEBVPxConvexMeshDesc@3@@Z 000000018001ef50 f   QuickHullConvexHullLib.obj
 0001:0001e140       ??0QuickHullConvexHullLib@physx@@QEAA@AEBVPxConvexMeshDesc@1@AEBUPxCookingParams@1@@Z 000000018001f140 f   QuickHullConvexHullLib.obj
 0001:0001e230       ??1?$MemBlock@UQuickHullFace@local@@$00@local@@QEAA@XZ 000000018001f230 f i QuickHullConvexHullLib.obj
 0001:0001e230       ??1?$MemBlock@UQuickHullHalfEdge@local@@$0A@@local@@QEAA@XZ 000000018001f230 f i QuickHullConvexHullLib.obj
 0001:0001e2b0       ??_GConvexHull@physx@@QEAAPEAXI@Z 000000018001f2b0 f i QuickHullConvexHullLib.obj
 0001:0001e380       ??_GQuickHull@local@@QEAAPEAXI@Z 000000018001f380 f i QuickHullConvexHullLib.obj
 0001:0001e520       ??_EQuickHullConvexHullLib@physx@@UEAAPEAXI@Z 000000018001f520 f i QuickHullConvexHullLib.obj
 0001:0001e520       ??_GQuickHullConvexHullLib@physx@@UEAAPEAXI@Z 000000018001f520 f i QuickHullConvexHullLib.obj
 0001:0001e610       ?addPointToHull@QuickHull@local@@IEAA_NPEBUQuickHullVertex@2@AEAUQuickHullFace@2@AEA_N@Z 000000018001f610 f   QuickHullConvexHullLib.obj
 0001:0001e8e0       ?addSimplex@QuickHull@local@@IEAAXPEAUQuickHullVertex@2@_N@Z 000000018001f8e0 f   QuickHullConvexHullLib.obj
 0001:0001edb0       ?buildHull@QuickHull@local@@QEAA?AW4Enum@QuickHullResult@2@XZ 000000018001fdb0 f   QuickHullConvexHullLib.obj
 0001:0001efc0       ?calculateHorizon@QuickHull@local@@IEAAXAEBVPxVec3@physx@@PEAUQuickHullHalfEdge@2@AEAUQuickHullFace@2@AEAV?$Array@PEAUQuickHullHalfEdge@local@@VNamedAllocator@shdfnd@physx@@@shdfnd@4@AEAV?$Array@PEAUQuickHullFace@local@@VNamedAllocator@shdfnd@physx@@@84@@Z 000000018001ffc0 f   QuickHullConvexHullLib.obj
 0001:0001f170       ?canMergeFaces@QuickHull@local@@IEAA_NAEBUQuickHullHalfEdge@2@@Z 0000000180020170 f   QuickHullConvexHullLib.obj
 0001:0001f9a0       ?cleanupForSimplex@QuickHullConvexHullLib@physx@@IEAA_NPEAVPxVec3@2@IPEAUQuickHullVertex@local@@1AEAM2@Z 00000001800209a0 f   QuickHullConvexHullLib.obj
 0001:00020570       ?computeMinMaxVerts@QuickHull@local@@IEAAXXZ 0000000180021570 f   QuickHullConvexHullLib.obj
 0001:00020940       ?connectHalfEdges@QuickHullFace@local@@AEAAPEAU12@PEAUQuickHullHalfEdge@2@0@Z 0000000180021940 f   QuickHullConvexHullLib.obj
 0001:00020ca0       ?copy@?$Array@UExpandPoint@local@@VNamedAllocator@shdfnd@physx@@@shdfnd@physx@@KAXPEAUExpandPoint@local@@0PEBU45@@Z 0000000180021ca0 f i QuickHullConvexHullLib.obj
 0001:00020d50       ?createConvexHull@QuickHullConvexHullLib@physx@@UEAA?AW4Enum@PxConvexMeshCookingResult@2@XZ 0000000180021d50 f   QuickHullConvexHullLib.obj
 0001:00021140       ?createEdgeList@QuickHullConvexHullLib@physx@@UEAA_NIPEBEPEAPEAEPEAPEAG2@Z 0000000180022140 f   QuickHullConvexHullLib.obj
 0001:00021370       ?createTriangle@QuickHull@local@@IEAAPEAUQuickHullFace@2@AEBUQuickHullVertex@2@00@Z 0000000180022370 f   QuickHullConvexHullLib.obj
 0001:00021700       ?doAdjacentMerge@QuickHull@local@@IEAA_NAEAUQuickHullFace@2@_NAEA_N@Z 0000000180022700 f   QuickHullConvexHullLib.obj
 0001:00021a40       ?expandHull@QuickHullConvexHullLib@physx@@IEAA?AW4Enum@PxConvexMeshCookingResult@2@XZ 0000000180022a40 f   QuickHullConvexHullLib.obj
 0001:000222a0       ?expandHullOBB@QuickHullConvexHullLib@physx@@IEAA?AW4Enum@PxConvexMeshCookingResult@2@XZ 00000001800232a0 f   QuickHullConvexHullLib.obj
 0001:000226d0       ?fillConvexMeshDesc@QuickHullConvexHullLib@physx@@UEAAXAEAVPxConvexMeshDesc@2@@Z 00000001800236d0 f   QuickHullConvexHullLib.obj
 0001:00022720       ?fillConvexMeshDescFromCroppedHull@QuickHullConvexHullLib@physx@@IEAAXAEAVPxConvexMeshDesc@2@@Z 0000000180023720 f   QuickHullConvexHullLib.obj
 0001:00022910       ?fillConvexMeshDescFromQuickHull@QuickHullConvexHullLib@physx@@IEAAXAEAVPxConvexMeshDesc@2@@Z 0000000180023910 f   QuickHullConvexHullLib.obj
 0001:00022c80       ?findSimplex@QuickHull@local@@IEAA_NXZ 0000000180023c80 f   QuickHullConvexHullLib.obj
 0001:00023930       ?getFreeItem@?$MemBlock@UQuickHullFace@local@@$00@local@@QEAAPEAUQuickHullFace@2@XZ 0000000180024930 f i QuickHullConvexHullLib.obj
 0001:00023a60       ?getFreeItem@?$MemBlock@UQuickHullHalfEdge@local@@$0A@@local@@QEAAPEAUQuickHullHalfEdge@2@XZ 0000000180024a60 f i QuickHullConvexHullLib.obj
 0001:00023b40       ?growAndPushBack@?$Array@PEAUQuickHullFace@local@@VNamedAllocator@shdfnd@physx@@@shdfnd@physx@@IEAAAEAPEAUQuickHullFace@local@@AEBQEAU45@@Z 0000000180024b40 f i QuickHullConvexHullLib.obj
 0001:00023b40       ?growAndPushBack@?$Array@PEAUQuickHullHalfEdge@local@@VNamedAllocator@shdfnd@physx@@@shdfnd@physx@@IEAAAEAPEAUQuickHullHalfEdge@local@@AEBQEAU45@@Z 0000000180024b40 f i QuickHullConvexHullLib.obj
 0001:00023b40       ?growAndPushBack@?$Array@PEAUQuickHullVertex@local@@VNamedAllocator@shdfnd@physx@@@shdfnd@physx@@IEAAAEAPEAUQuickHullVertex@local@@AEBQEAU45@@Z 0000000180024b40 f i QuickHullConvexHullLib.obj
 0001:00023c30       ?growAndPushBack@?$Array@UExpandPoint@local@@VNamedAllocator@shdfnd@physx@@@shdfnd@physx@@IEAAAEAUExpandPoint@local@@AEBU45@@Z 0000000180024c30 f i QuickHullConvexHullLib.obj
 0001:00023d70       ?init@?$MemBlock@UQuickHullFace@local@@$00@local@@QEAAXI@Z 0000000180024d70 f i QuickHullConvexHullLib.obj
 0001:00023e50       ?init@?$MemBlock@UQuickHullHalfEdge@local@@$0A@@local@@QEAAXI@Z 0000000180024e50 f i QuickHullConvexHullLib.obj
 0001:00023ef0       ?mergeAdjacentFace@QuickHullFace@local@@QEAA_NPEAUQuickHullHalfEdge@2@AEAV?$Array@PEAUQuickHullFace@local@@VNamedAllocator@shdfnd@physx@@@shdfnd@physx@@@Z 0000000180024ef0 f   QuickHullConvexHullLib.obj
 0001:00024340       ?nextPointToAdd@QuickHull@local@@IEAAPEAUQuickHullVertex@2@AEAPEAUQuickHullFace@2@@Z 0000000180025340 f   QuickHullConvexHullLib.obj
 0001:000244c0       ?parseInputVertices@QuickHull@local@@QEAAXPEBVPxVec3@physx@@I@Z 00000001800254c0 f   QuickHullConvexHullLib.obj
 0001:00024650       ?postMergeHull@QuickHull@local@@IEAAXXZ 0000000180025650 f   QuickHullConvexHullLib.obj
 0001:000248b0       ?preallocate@QuickHull@local@@QEAAXI@Z 00000001800258b0 f   QuickHullConvexHullLib.obj
 0001:000249f0       ?recreate@?$Array@PEAUQuickHullFace@local@@VNamedAllocator@shdfnd@physx@@@shdfnd@physx@@IEAAXI@Z 00000001800259f0 f i QuickHullConvexHullLib.obj
 0001:000249f0       ?recreate@?$Array@PEAUQuickHullVertex@local@@VNamedAllocator@shdfnd@physx@@@shdfnd@physx@@IEAAXI@Z 00000001800259f0 f i QuickHullConvexHullLib.obj
 0001:000249f0       ?recreate@?$Array@PEAUQuickHullHalfEdge@local@@VNamedAllocator@shdfnd@physx@@@shdfnd@physx@@IEAAXI@Z 00000001800259f0 f i QuickHullConvexHullLib.obj
 0001:00024aa0       ?recreate@?$Array@UExpandPoint@local@@VNamedAllocator@shdfnd@physx@@@shdfnd@physx@@IEAAXI@Z 0000000180025aa0 f i QuickHullConvexHullLib.obj
 0001:00024b40       ?resolveUnclaimedPoints@QuickHull@local@@IEAAXAEBV?$Array@PEAUQuickHullFace@local@@VNamedAllocator@shdfnd@physx@@@shdfnd@physx@@@Z 0000000180025b40 f   QuickHullConvexHullLib.obj
 0001:00025840       ?computeVolumeIntegralsEberly@physx@@YA_NAEBVPxConvexMeshDesc@1@MAEAUPxIntegrals@1@AEBVPxVec3@1@@Z 0000000180026840 f   VolumeIntegration.obj
 0001:00025880       ?computeVolumeIntegralsEberlySIMD@physx@@YA_NAEBVPxConvexMeshDesc@1@MAEAUPxIntegrals@1@AEBVPxVec3@1@@Z 0000000180026880 f   VolumeIntegration.obj
 0001:00025ec0       ?cookingDelayHook@@YAP6A_JXZIPEAUDelayLoadInfo@@@Z 0000000180026ec0 f   WindowsCookingDelayLoadHook.obj
 0001:00025fa0       PxSetPhysXCookingDelayLoadHook 0000000180026fa0 f   WindowsCookingDelayLoadHook.obj
 0001:00025fa8       __imp_load_??0RadixSortBuffered@Cm@physx@@QEAA@XZ 0000000180026fa8 f   PhysXCommon_64:PhysXCommon_64.dll
 0001:00025fb4       ??0RadixSortBuffered@Cm@physx@@QEAA@XZ 0000000180026fb4 f   PhysXCommon_64:PhysXCommon_64.dll
 0001:00025fba       __tailMerge_physxcommon_64_dll 0000000180026fba     PhysXCommon_64:PhysXCommon_64.dll
 0001:00026033       __imp_load_??1RadixSortBuffered@Cm@physx@@UEAA@XZ 0000000180027033 f   PhysXCommon_64:PhysXCommon_64.dll
 0001:0002603f       ??1RadixSortBuffered@Cm@physx@@UEAA@XZ 000000018002703f f   PhysXCommon_64:PhysXCommon_64.dll
 0001:00026045       __imp_load_?Sort@RadixSortBuffered@Cm@physx@@QEAAAEAV123@PEBIIW4RadixHint@23@@Z 0000000180027045 f   PhysXCommon_64:PhysXCommon_64.dll
 0001:00026051       ?Sort@RadixSortBuffered@Cm@physx@@QEAAAEAV123@PEBIIW4RadixHint@23@@Z 0000000180027051 f   PhysXCommon_64:PhysXCommon_64.dll
 0001:00026057       __imp_load_??0HeightField@Gu@physx@@QEAA@PEAVGuMeshFactory@2@@Z 0000000180027057 f   PhysXCommon_64:PhysXCommon_64.dll
 0001:00026063       ??0HeightField@Gu@physx@@QEAA@PEAVGuMeshFactory@2@@Z 0000000180027063 f   PhysXCommon_64:PhysXCommon_64.dll
 0001:00026069       __imp_load_?loadFromDesc@HeightField@Gu@physx@@QEAA_NAEBVPxHeightFieldDesc@3@@Z 0000000180027069 f   PhysXCommon_64:PhysXCommon_64.dll
 0001:00026075       ?loadFromDesc@HeightField@Gu@physx@@QEAA_NAEBVPxHeightFieldDesc@3@@Z 0000000180027075 f   PhysXCommon_64:PhysXCommon_64.dll
 0001:0002607b       __imp_load_?computeCellCoordinates@HeightField@Gu@physx@@QEBAIMMAEAM0@Z 000000018002707b f   PhysXCommon_64:PhysXCommon_64.dll
 0001:00026087       ?computeCellCoordinates@HeightField@Gu@physx@@QEBAIMMAEAM0@Z 0000000180027087 f   PhysXCommon_64:PhysXCommon_64.dll
 0001:0002608d       __imp_load_?releaseMemory@HeightField@Gu@physx@@QEAAXXZ 000000018002708d f   PhysXCommon_64:PhysXCommon_64.dll
 0001:00026099       ?releaseMemory@HeightField@Gu@physx@@QEAAXXZ 0000000180027099 f   PhysXCommon_64:PhysXCommon_64.dll
 0001:0002609f       __imp_load_??1HeightField@Gu@physx@@UEAA@XZ 000000018002709f f   PhysXCommon_64:PhysXCommon_64.dll
 0001:000260ab       ??1HeightField@Gu@physx@@UEAA@XZ 00000001800270ab f   PhysXCommon_64:PhysXCommon_64.dll
 0001:000260b1       __imp_load_??0NodeAllocator@Gu@physx@@QEAA@XZ 00000001800270b1 f   PhysXCommon_64:PhysXCommon_64.dll
 0001:000260bd       ??0NodeAllocator@Gu@physx@@QEAA@XZ 00000001800270bd f   PhysXCommon_64:PhysXCommon_64.dll
 0001:000260c3       __imp_load_??1NodeAllocator@Gu@physx@@QEAA@XZ 00000001800270c3 f   PhysXCommon_64:PhysXCommon_64.dll
 0001:000260cf       ??1NodeAllocator@Gu@physx@@QEAA@XZ 00000001800270cf f   PhysXCommon_64:PhysXCommon_64.dll
 0001:000260d5       __imp_load_?release@NodeAllocator@Gu@physx@@QEAAXXZ 00000001800270d5 f   PhysXCommon_64:PhysXCommon_64.dll
 0001:000260e1       ?release@NodeAllocator@Gu@physx@@QEAAXXZ 00000001800270e1 f   PhysXCommon_64:PhysXCommon_64.dll
 0001:000260e7       __imp_load_?buildAABBTree@Gu@physx@@YA_NAEAVAABBTreeBuildParams@12@AEAVNodeAllocator@12@AEAUBuildStats@12@AEAPEAI@Z 00000001800270e7 f   PhysXCommon_64:PhysXCommon_64.dll
 0001:000260f3       ?buildAABBTree@Gu@physx@@YA_NAEAVAABBTreeBuildParams@12@AEAVNodeAllocator@12@AEAUBuildStats@12@AEAPEAI@Z 00000001800270f3 f   PhysXCommon_64:PhysXCommon_64.dll
 0001:000260f9       __imp_load_?writeDword@physx@@YAXI_NAEAVPxOutputStream@1@@Z 00000001800270f9 f   PhysXCommon_64:PhysXCommon_64.dll
 0001:00026105       ?writeDword@physx@@YAXI_NAEAVPxOutputStream@1@@Z 0000000180027105 f   PhysXCommon_64:PhysXCommon_64.dll
 0001:0002610b       __imp_load_?writeFloatBuffer@physx@@YAXPEBMI_NAEAVPxOutputStream@1@@Z 000000018002710b f   PhysXCommon_64:PhysXCommon_64.dll
 0001:00026117       ?writeFloatBuffer@physx@@YAXPEBMI_NAEAVPxOutputStream@1@@Z 0000000180027117 f   PhysXCommon_64:PhysXCommon_64.dll
 0001:0002611d       __imp_load_?writeHeader@physx@@YA_NCCCCI_NAEAVPxOutputStream@1@@Z 000000018002711d f   PhysXCommon_64:PhysXCommon_64.dll
 0001:00026129       ?writeHeader@physx@@YA_NCCCCI_NAEAVPxOutputStream@1@@Z 0000000180027129 f   PhysXCommon_64:PhysXCommon_64.dll
 0001:0002612f       __imp_load_?writeWord@physx@@YAXG_NAEAVPxOutputStream@1@@Z 000000018002712f f   PhysXCommon_64:PhysXCommon_64.dll
 0001:0002613b       ?writeWord@physx@@YAXG_NAEAVPxOutputStream@1@@Z 000000018002713b f   PhysXCommon_64:PhysXCommon_64.dll
 0001:00026141       __imp_load_?writeFloat@physx@@YAXM_NAEAVPxOutputStream@1@@Z 0000000180027141 f   PhysXCommon_64:PhysXCommon_64.dll
 0001:0002614d       ?writeFloat@physx@@YAXM_NAEAVPxOutputStream@1@@Z 000000018002714d f   PhysXCommon_64:PhysXCommon_64.dll
 0001:00026153       __imp_load_?computeBoundsAroundVertices@Gu@physx@@YAXAEAVPxBounds3@2@IPEIBVPxVec3@2@@Z 0000000180027153 f   PhysXCommon_64:PhysXCommon_64.dll
 0001:0002615f       ?computeBoundsAroundVertices@Gu@physx@@YAXAEAVPxBounds3@2@IPEIBVPxVec3@2@@Z 000000018002715f f   PhysXCommon_64:PhysXCommon_64.dll
 0001:00026165       __imp_load_??0SourceMesh@Gu@physx@@QEAA@XZ 0000000180027165 f   PhysXCommon_64:PhysXCommon_64.dll
 0001:00026171       ??0SourceMesh@Gu@physx@@QEAA@XZ 0000000180027171 f   PhysXCommon_64:PhysXCommon_64.dll
 0001:00026177       __imp_load_??1SourceMesh@Gu@physx@@QEAA@XZ 0000000180027177 f   PhysXCommon_64:PhysXCommon_64.dll
 0001:00026183       ??1SourceMesh@Gu@physx@@QEAA@XZ 0000000180027183 f   PhysXCommon_64:PhysXCommon_64.dll
 0001:00026189       __imp_load_??0BV4Tree@Gu@physx@@QEAA@XZ 0000000180027189 f   PhysXCommon_64:PhysXCommon_64.dll
 0001:00026195       ??0BV4Tree@Gu@physx@@QEAA@XZ 0000000180027195 f   PhysXCommon_64:PhysXCommon_64.dll
 0001:0002619b       __imp_load_??1BV4Tree@Gu@physx@@QEAA@XZ 000000018002719b f   PhysXCommon_64:PhysXCommon_64.dll
 0001:000261a7       ??1BV4Tree@Gu@physx@@QEAA@XZ 00000001800271a7 f   PhysXCommon_64:PhysXCommon_64.dll
 0001:000261ad       __imp_load_??0BV32Tree@Gu@physx@@QEAA@XZ 00000001800271ad f   PhysXCommon_64:PhysXCommon_64.dll
 0001:000261b9       ??0BV32Tree@Gu@physx@@QEAA@XZ 00000001800271b9 f   PhysXCommon_64:PhysXCommon_64.dll
 0001:000261bf       __imp_load_??1BV32Tree@Gu@physx@@QEAA@XZ 00000001800271bf f   PhysXCommon_64:PhysXCommon_64.dll
 0001:000261cb       ??1BV32Tree@Gu@physx@@QEAA@XZ 00000001800271cb f   PhysXCommon_64:PhysXCommon_64.dll
 0001:000261d1       __imp_load_?writeWordBuffer@physx@@YAXPEBGI_NAEAVPxOutputStream@1@@Z 00000001800271d1 f   PhysXCommon_64:PhysXCommon_64.dll
 0001:000261dd       ?writeWordBuffer@physx@@YAXPEBGI_NAEAVPxOutputStream@1@@Z 00000001800271dd f   PhysXCommon_64:PhysXCommon_64.dll
 0001:000261e3       __imp_load_?computeMaxIndex@physx@@YAIPEBII@Z 00000001800271e3 f   PhysXCommon_64:PhysXCommon_64.dll
 0001:000261ef       ?computeMaxIndex@physx@@YAIPEBII@Z 00000001800271ef f   PhysXCommon_64:PhysXCommon_64.dll
 0001:000261f5       __imp_load_?storeIndices@physx@@YAXIIPEBIAEAVPxOutputStream@1@_N@Z 00000001800271f5 f   PhysXCommon_64:PhysXCommon_64.dll
 0001:00026201       ?storeIndices@physx@@YAXIIPEBIAEAVPxOutputStream@1@_N@Z 0000000180027201 f   PhysXCommon_64:PhysXCommon_64.dll
 0001:00026207       __imp_load_?BuildBV4Ex@Gu@physx@@YA_NAEAVBV4Tree@12@AEAVSourceMesh@12@MI@Z 0000000180027207 f   PhysXCommon_64:PhysXCommon_64.dll
 0001:00026213       ?BuildBV4Ex@Gu@physx@@YA_NAEAVBV4Tree@12@AEAVSourceMesh@12@MI@Z 0000000180027213 f   PhysXCommon_64:PhysXCommon_64.dll
 0001:00026219       __imp_load_?BuildBV32Ex@Gu@physx@@YA_NAEAVBV32Tree@12@AEAVSourceMesh@12@MI@Z 0000000180027219 f   PhysXCommon_64:PhysXCommon_64.dll
 0001:00026225       ?BuildBV32Ex@Gu@physx@@YA_NAEAVBV32Tree@12@AEAVSourceMesh@12@MI@Z 0000000180027225 f   PhysXCommon_64:PhysXCommon_64.dll
 0001:0002622b       __imp_load_?computeMaxIndex@physx@@YAGPEBGI@Z 000000018002722b f   PhysXCommon_64:PhysXCommon_64.dll
 0001:00026237       ?computeMaxIndex@physx@@YAGPEBGI@Z 0000000180027237 f   PhysXCommon_64:PhysXCommon_64.dll
 0001:0002623d       __imp_load_?WriteHeader@Gu@physx@@YA_NEEEEI_NAEAVPxOutputStream@2@@Z 000000018002723d f   PhysXCommon_64:PhysXCommon_64.dll
 0001:00026249       ?WriteHeader@Gu@physx@@YA_NEEEEI_NAEAVPxOutputStream@2@@Z 0000000180027249 f   PhysXCommon_64:PhysXCommon_64.dll
 0001:0002624f       __imp_load_?StoreIndices@Gu@physx@@YAXGIPEBGAEAVPxOutputStream@2@_N@Z 000000018002724f f   PhysXCommon_64:PhysXCommon_64.dll
 0001:0002625b       ?StoreIndices@Gu@physx@@YAXGIPEBGAEAVPxOutputStream@2@_N@Z 000000018002725b f   PhysXCommon_64:PhysXCommon_64.dll
 0001:00026261       __imp_load_?CreateOffsets@BigConvexData@physx@@IEAAXXZ 0000000180027261 f   PhysXCommon_64:PhysXCommon_64.dll
 0001:0002626d       ?CreateOffsets@BigConvexData@physx@@IEAAXXZ 000000018002726d f   PhysXCommon_64:PhysXCommon_64.dll
 0001:00026273       __imp_load_?computeOBBPoints@Gu@physx@@YAXPEIAVPxVec3@2@AEBV32@1111@Z 0000000180027273 f   PhysXCommon_64:PhysXCommon_64.dll
 0001:0002627f       ?computeOBBPoints@Gu@physx@@YAXPEIAVPxVec3@2@AEBV32@1111@Z 000000018002727f f   PhysXCommon_64:PhysXCommon_64.dll
 0001:00026285       __imp_load_??0BigConvexData@physx@@QEAA@XZ 0000000180027285 f   PhysXCommon_64:PhysXCommon_64.dll
 0001:00026291       ??0BigConvexData@physx@@QEAA@XZ 0000000180027291 f   PhysXCommon_64:PhysXCommon_64.dll
 0001:00026297       __imp_load_??1BigConvexData@physx@@QEAA@XZ 0000000180027297 f   PhysXCommon_64:PhysXCommon_64.dll
 0001:000262a3       ??1BigConvexData@physx@@QEAA@XZ 00000001800272a3 f   PhysXCommon_64:PhysXCommon_64.dll
 0001:000262a9       __imp_load_PxGetFoundation 00000001800272a9 f   PhysXFoundation_64:PhysXFoundation_64.dll
 0001:000262b5       PxGetFoundation            00000001800272b5 f   PhysXFoundation_64:PhysXFoundation_64.dll
 0001:000262bb       __tailMerge_physxfoundation_64_dll 00000001800272bb     PhysXFoundation_64:PhysXFoundation_64.dll
 0001:00026334       __imp_load_?getAllocator@shdfnd@physx@@YAAEAVPxAllocatorCallback@2@XZ 0000000180027334 f   PhysXFoundation_64:PhysXFoundation_64.dll
 0001:00026340       ?getAllocator@shdfnd@physx@@YAAEAVPxAllocatorCallback@2@XZ 0000000180027340 f   PhysXFoundation_64:PhysXFoundation_64.dll
 0001:00026346       __imp_load_??0NamedAllocator@shdfnd@physx@@QEAA@PEBD@Z 0000000180027346 f   PhysXFoundation_64:PhysXFoundation_64.dll
 0001:00026352       ??0NamedAllocator@shdfnd@physx@@QEAA@PEBD@Z 0000000180027352 f   PhysXFoundation_64:PhysXFoundation_64.dll
 0001:00026358       __imp_load_?getInstance@Foundation@shdfnd@physx@@SAAEAV123@XZ 0000000180027358 f   PhysXFoundation_64:PhysXFoundation_64.dll
 0001:00026364       ?getInstance@Foundation@shdfnd@physx@@SAAEAV123@XZ 0000000180027364 f   PhysXFoundation_64:PhysXFoundation_64.dll
 0001:0002636a       __imp_load_?error@Foundation@shdfnd@physx@@QEAAXW4Enum@PxErrorCode@3@PEBDH1ZZ 000000018002736a f   PhysXFoundation_64:PhysXFoundation_64.dll
 0001:00026376       ?error@Foundation@shdfnd@physx@@QEAAXW4Enum@PxErrorCode@3@PEBDH1ZZ 0000000180027376 f   PhysXFoundation_64:PhysXFoundation_64.dll
 0001:0002637c       __imp_load_?allocate@NamedAllocator@shdfnd@physx@@QEAAPEAX_KPEBDH@Z 000000018002737c f   PhysXFoundation_64:PhysXFoundation_64.dll
 0001:00026388       ?allocate@NamedAllocator@shdfnd@physx@@QEAAPEAX_KPEBDH@Z 0000000180027388 f   PhysXFoundation_64:PhysXFoundation_64.dll
 0001:0002638e       __imp_load_?deallocate@NamedAllocator@shdfnd@physx@@QEAAXPEAX@Z 000000018002738e f   PhysXFoundation_64:PhysXFoundation_64.dll
 0001:0002639a       ?deallocate@NamedAllocator@shdfnd@physx@@QEAAXPEAX@Z 000000018002739a f   PhysXFoundation_64:PhysXFoundation_64.dll
 0001:000263a0       __imp_load_?incRefCount@Foundation@shdfnd@physx@@SAXXZ 00000001800273a0 f   PhysXFoundation_64:PhysXFoundation_64.dll
 0001:000263ac       ?incRefCount@Foundation@shdfnd@physx@@SAXXZ 00000001800273ac f   PhysXFoundation_64:PhysXFoundation_64.dll
 0001:000263b2       __imp_load_?decRefCount@Foundation@shdfnd@physx@@SAXXZ 00000001800273b2 f   PhysXFoundation_64:PhysXFoundation_64.dll
 0001:000263be       ?decRefCount@Foundation@shdfnd@physx@@SAXXZ 00000001800273be f   PhysXFoundation_64:PhysXFoundation_64.dll
 0001:000263c4       __imp_load_??0FPUGuard@shdfnd@physx@@QEAA@XZ 00000001800273c4 f   PhysXFoundation_64:PhysXFoundation_64.dll
 0001:000263d0       ??0FPUGuard@shdfnd@physx@@QEAA@XZ 00000001800273d0 f   PhysXFoundation_64:PhysXFoundation_64.dll
 0001:000263d6       __imp_load_??1FPUGuard@shdfnd@physx@@QEAA@XZ 00000001800273d6 f   PhysXFoundation_64:PhysXFoundation_64.dll
 0001:000263e2       ??1FPUGuard@shdfnd@physx@@QEAA@XZ 00000001800273e2 f   PhysXFoundation_64:PhysXFoundation_64.dll
 0001:000263e8       __imp_load_??1NamedAllocator@shdfnd@physx@@QEAA@XZ 00000001800273e8 f   PhysXFoundation_64:PhysXFoundation_64.dll
 0001:000263f4       ??1NamedAllocator@shdfnd@physx@@QEAA@XZ 00000001800273f4 f   PhysXFoundation_64:PhysXFoundation_64.dll
 0001:000263fa       __imp_load_??0NamedAllocator@shdfnd@physx@@QEAA@AEBV012@@Z 00000001800273fa f   PhysXFoundation_64:PhysXFoundation_64.dll
 0001:00026406       ??0NamedAllocator@shdfnd@physx@@QEAA@AEBV012@@Z 0000000180027406 f   PhysXFoundation_64:PhysXFoundation_64.dll
 0001:0002640c       __imp_load_?allocate@TempAllocator@shdfnd@physx@@QEAAPEAX_KPEBDH@Z 000000018002740c f   PhysXFoundation_64:PhysXFoundation_64.dll
 0001:00026418       ?allocate@TempAllocator@shdfnd@physx@@QEAAPEAX_KPEBDH@Z 0000000180027418 f   PhysXFoundation_64:PhysXFoundation_64.dll
 0001:0002641e       __imp_load_?deallocate@TempAllocator@shdfnd@physx@@QEAAXPEAX@Z 000000018002741e f   PhysXFoundation_64:PhysXFoundation_64.dll
 0001:0002642a       ?deallocate@TempAllocator@shdfnd@physx@@QEAAXPEAX@Z 000000018002742a f   PhysXFoundation_64:PhysXFoundation_64.dll
 0001:00026430       __imp_load_?PxDiagonalize@physx@@YA?AVPxVec3@1@AEBVPxMat33@1@AEAVPxQuat@1@@Z 0000000180027430 f   PhysXFoundation_64:PhysXFoundation_64.dll
 0001:0002643c       ?PxDiagonalize@physx@@YA?AVPxVec3@1@AEBVPxMat33@1@AEAVPxQuat@1@@Z 000000018002743c f   PhysXFoundation_64:PhysXFoundation_64.dll
 0001:00026444       ?DloadAcquireSectionWriteAccess@@YAXXZ 0000000180027444 f i Delayimp:delayhlp.obj
 0001:000264f0       ?DloadGetSRWLockFunctionPointers@@YAEXZ 00000001800274f0 f i Delayimp:delayhlp.obj
 0001:0002658c       ?DloadMakePermanentImageCommit@@YAXPEAX_K@Z 000000018002758c f i Delayimp:delayhlp.obj
 0001:00026624       ?DloadObtainSection@@YAPEAXPEAK0@Z 0000000180027624 f i Delayimp:delayhlp.obj
 0001:000266c0       ?DloadProtectSection@@YAXKPEAK@Z 00000001800276c0 f i Delayimp:delayhlp.obj
 0001:00026750       ?DloadReleaseSectionWriteAccess@@YAXXZ 0000000180027750 f i Delayimp:delayhlp.obj
 0001:000267e4       __delayLoadHelper2         00000001800277e4 f   Delayimp:delayhlp.obj
 0001:00026ab8       ??3@YAXPEAX_K@Z            0000000180027ab8 f   MSVCRT:delete_scalar_size.obj
 0001:00026ab8       ??_V@YAXPEAX@Z             0000000180027ab8 f   MSVCRT:delete_array.obj
 0001:00026ac0       ??_Gtype_info@@UEAAPEAXI@Z 0000000180027ac0 f i MSVCRT:std_type_info_static.obj
 0001:00026ac0       ??_Etype_info@@UEAAPEAXI@Z 0000000180027ac0 f i MSVCRT:std_type_info_static.obj
 0001:00026aec       ?__scrt_initialize_type_info@@YAXXZ 0000000180027aec f   MSVCRT:tncleanup.obj
 0001:00026afc       ?__scrt_uninitialize_type_info@@YAXXZ 0000000180027afc f   MSVCRT:tncleanup.obj
 0001:00026b20       __chkstk                   0000000180027b20 f   MSVCRT:chkstk.obj
 0001:00026b20       _alloca_probe              0000000180027b20 f   MSVCRT:chkstk.obj
 0001:00026b70       ??3@YAXPEAX@Z              0000000180027b70 f   MSVCRT:delete_scalar.obj
 0001:00026b80       __vdecl_sinf4              0000000180027b80 f   MSVCRT:svml_ssinf4_dispatch.obj
 0001:00026ba0       __libm_sse2_sincosf_       0000000180027ba0 f   MSVCRT:svml_ssinf4_dispatch.obj
 0001:00026be3       __libm_sse2_sincosf4_      0000000180027be3 f   MSVCRT:svml_ssinf4_dispatch.obj
 0001:00026f10       _DllMainCRTStartup         0000000180027f10 f   MSVCRT:dll_dllmain.obj
 0001:00026f50       __isa_available_init       0000000180027f50 f   MSVCRT:cpu_disp.obj
 0001:00027100       __sse2_sinf4@@16           0000000180028100 f   MSVCRT:svml_ssinf4_sse2.obj
 0001:00027a40       __sse4_sinf4@@16           0000000180028a40 f   MSVCRT:svml_ssinf4_sse4.obj
 0001:000281b4       __security_init_cookie     00000001800291b4 f   MSVCRT:gs_support.obj
 0001:00028260       DllMain                    0000000180029260 f   MSVCRT:dll_dllmain_stub.obj
 0001:00028284       __local_stdio_printf_options 0000000180029284 f i MSVCRT:default_local_stdio_options.obj
 0001:0002828c       __local_stdio_scanf_options 000000018002928c f i MSVCRT:default_local_stdio_options.obj
 0001:00028294       __scrt_initialize_default_local_stdio_options 0000000180029294 f   MSVCRT:default_local_stdio_options.obj
 0001:000282b0       __scrt_acquire_startup_lock 00000001800292b0 f   MSVCRT:utility.obj
 0001:000282ec       __scrt_dllmain_after_initialize_c 00000001800292ec f   MSVCRT:utility.obj
 0001:00028320       __scrt_dllmain_before_initialize_c 0000000180029320 f   MSVCRT:utility.obj
 0001:00028338       __scrt_dllmain_crt_thread_attach 0000000180029338 f   MSVCRT:utility.obj
 0001:00028360       __scrt_dllmain_crt_thread_detach 0000000180029360 f   MSVCRT:utility.obj
 0001:00028378       __scrt_dllmain_exception_filter 0000000180029378 f   MSVCRT:utility.obj
 0001:000283d8       __scrt_dllmain_uninitialize_c 00000001800293d8 f   MSVCRT:utility.obj
 0001:00028408       __scrt_dllmain_uninitialize_critical 0000000180029408 f   MSVCRT:utility.obj
 0001:0002841c       __scrt_initialize_crt      000000018002941c f   MSVCRT:utility.obj
 0001:00028468       __scrt_initialize_onexit_tables 0000000180029468 f   MSVCRT:utility.obj
 0001:000284f4       __scrt_is_nonwritable_in_current_image 00000001800294f4 f   MSVCRT:utility.obj
 0001:0002858c       __scrt_release_startup_lock 000000018002958c f   MSVCRT:utility.obj
 0001:000285b0       __scrt_uninitialize_crt    00000001800295b0 f   MSVCRT:utility.obj
 0001:000285dc       __scrt_get_dyn_tls_init_callback 00000001800295dc f   MSVCRT:dyn_tls_init.obj
 0001:000285e4       __crt_debugger_hook        00000001800295e4 f   MSVCRT:utility_desktop.obj
 0001:000285ec       __scrt_fastfail            00000001800295ec f   MSVCRT:utility_desktop.obj
 0001:00028738       _RTC_Initialize            0000000180029738 f   MSVCRT:initsect.obj
 0001:00028774       _RTC_Terminate             0000000180029774 f   MSVCRT:initsect.obj
 0001:000287b0       __common_ssin_cout_rare    00000001800297b0 f   MSVCRT:svml_s_sin_cout.obj
 0001:00028820       __scrt_is_ucrt_dll_in_use  0000000180029820 f   MSVCRT:ucrt_detection.obj
 0001:0002882c       _purecall                  000000018002982c f   vcruntime:VCRUNTIME140.dll
 0001:00028832       __std_type_info_name       0000000180029832 f   vcruntime:VCRUNTIME140.dll
 0001:00028838       memset                     0000000180029838 f   vcruntime:VCRUNTIME140.dll
 0001:0002883e       memcpy                     000000018002983e f   vcruntime:VCRUNTIME140.dll
 0001:00028844       strstr                     0000000180029844 f   vcruntime:VCRUNTIME140.dll
 0001:0002884a       __std_type_info_destroy_list 000000018002984a f   vcruntime:VCRUNTIME140.dll
 0001:00028850       __C_specific_handler       0000000180029850 f   vcruntime:VCRUNTIME140.dll
 0001:00028856       strcmp                     0000000180029856 f   ucrt:api-ms-win-crt-string-l1-1-0.dll
 0001:0002885c       atan2f                     000000018002985c f   ucrt:api-ms-win-crt-math-l1-1-0.dll
 0001:00028862       free                       0000000180029862 f   ucrt:api-ms-win-crt-heap-l1-1-0.dll
 0001:00028868       _initterm                  0000000180029868 f   ucrt:api-ms-win-crt-runtime-l1-1-0.dll
 0001:0002886e       _initterm_e                000000018002986e f   ucrt:api-ms-win-crt-runtime-l1-1-0.dll
 0001:00028874       _seh_filter_dll            0000000180029874 f   ucrt:api-ms-win-crt-runtime-l1-1-0.dll
 0001:0002887a       _configure_narrow_argv     000000018002987a f   ucrt:api-ms-win-crt-runtime-l1-1-0.dll
 0001:00028880       _initialize_narrow_environment 0000000180029880 f   ucrt:api-ms-win-crt-runtime-l1-1-0.dll
 0001:00028886       _initialize_onexit_table   0000000180029886 f   ucrt:api-ms-win-crt-runtime-l1-1-0.dll
 0001:0002888c       _execute_onexit_table      000000018002988c f   ucrt:api-ms-win-crt-runtime-l1-1-0.dll
 0001:00028892       _cexit                     0000000180029892 f   ucrt:api-ms-win-crt-runtime-l1-1-0.dll
 0001:00028898       __vcrt_uninitialize        0000000180029898 f   MSVCRT:ucrt_stubs.obj
 0001:00028898       __scrt_stub_for_acrt_uninitialize 0000000180029898 f   MSVCRT:ucrt_stubs.obj
 0001:00028898       __scrt_stub_for_acrt_uninitialize_critical 0000000180029898 f   MSVCRT:ucrt_stubs.obj
 0001:00028898       __scrt_stub_for_acrt_initialize 0000000180029898 f   MSVCRT:ucrt_stubs.obj
 0001:00028898       __vcrt_initialize          0000000180029898 f   MSVCRT:ucrt_stubs.obj
 0001:00028898       __acrt_uninitialize_critical 0000000180029898 f   MSVCRT:ucrt_stubs.obj
 0001:00028898       __scrt_stub_for_acrt_thread_attach 0000000180029898 f   MSVCRT:ucrt_stubs.obj
 0001:00028898       __acrt_initialize          0000000180029898 f   MSVCRT:ucrt_stubs.obj
 0001:00028898       __acrt_thread_attach       0000000180029898 f   MSVCRT:ucrt_stubs.obj
 0001:00028898       __scrt_stub_for_acrt_thread_detach 0000000180029898 f   MSVCRT:ucrt_stubs.obj
 0001:00028898       __vcrt_thread_detach       0000000180029898 f   MSVCRT:ucrt_stubs.obj
 0001:00028898       __vcrt_uninitialize_critical 0000000180029898 f   MSVCRT:ucrt_stubs.obj
 0001:00028898       __acrt_uninitialize        0000000180029898 f   MSVCRT:ucrt_stubs.obj
 0001:00028898       __vcrt_thread_attach       0000000180029898 f   MSVCRT:ucrt_stubs.obj
 0001:00028898       __acrt_thread_detach       0000000180029898 f   MSVCRT:ucrt_stubs.obj
 0001:000288b0       _guard_dispatch_icall_nop  00000001800298b0 f   MSVCRT:guard_dispatch.obj
 0001:000288d0       _guard_xfg_dispatch_icall_nop 00000001800298d0 f   MSVCRT:guard_xfg_dispatch.obj
 0002:00000000       __imp_LoadLibraryA         000000018002a000     kernel32:KERNEL32.dll
 0002:00000008       __imp_SetUnhandledExceptionFilter 000000018002a008     kernel32:KERNEL32.dll
 0002:00000010       __imp_UnhandledExceptionFilter 000000018002a010     kernel32:KERNEL32.dll
 0002:00000018       __imp_IsDebuggerPresent    000000018002a018     kernel32:KERNEL32.dll
 0002:00000020       __imp_RtlVirtualUnwind     000000018002a020     kernel32:KERNEL32.dll
 0002:00000028       __imp_RtlLookupFunctionEntry 000000018002a028     kernel32:KERNEL32.dll
 0002:00000030       __imp_RtlCaptureContext    000000018002a030     kernel32:KERNEL32.dll
 0002:00000038       __imp_DisableThreadLibraryCalls 000000018002a038     kernel32:KERNEL32.dll
 0002:00000040       __imp_GetSystemTimeAsFileTime 000000018002a040     kernel32:KERNEL32.dll
 0002:00000048       __imp_GetCurrentThreadId   000000018002a048     kernel32:KERNEL32.dll
 0002:00000050       __imp_GetCurrentProcessId  000000018002a050     kernel32:KERNEL32.dll
 0002:00000058       __imp_QueryPerformanceCounter 000000018002a058     kernel32:KERNEL32.dll
 0002:00000060       __imp_InitializeSListHead  000000018002a060     kernel32:KERNEL32.dll
 0002:00000068       __imp_LoadLibraryExA       000000018002a068     kernel32:KERNEL32.dll
 0002:00000070       __imp_GetProcAddress       000000018002a070     kernel32:KERNEL32.dll
 0002:00000078       __imp_GetModuleHandleW     000000018002a078     kernel32:KERNEL32.dll
 0002:00000080       __imp_FreeLibrary          000000018002a080     kernel32:KERNEL32.dll
 0002:00000088       __imp_VirtualQuery         000000018002a088     kernel32:KERNEL32.dll
 0002:00000090       __imp_VirtualProtect       000000018002a090     kernel32:KERNEL32.dll
 0002:00000098       __imp_GetSystemInfo        000000018002a098     kernel32:KERNEL32.dll
 0002:000000a0       __imp_GetLastError         000000018002a0a0     kernel32:KERNEL32.dll
 0002:000000a8       __imp_RaiseException       000000018002a0a8     kernel32:KERNEL32.dll
 0002:000000b0       __imp_IsProcessorFeaturePresent 000000018002a0b0     kernel32:KERNEL32.dll
 0002:000000b8       \177KERNEL32_NULL_THUNK_DATA 000000018002a0b8     kernel32:KERNEL32.dll
 0002:000000c0       __imp_memcpy               000000018002a0c0     vcruntime:VCRUNTIME140.dll
 0002:000000c8       __imp_strstr               000000018002a0c8     vcruntime:VCRUNTIME140.dll
 0002:000000d0       __imp___std_type_info_destroy_list 000000018002a0d0     vcruntime:VCRUNTIME140.dll
 0002:000000d8       __imp___C_specific_handler 000000018002a0d8     vcruntime:VCRUNTIME140.dll
 0002:000000e0       __imp_memset               000000018002a0e0     vcruntime:VCRUNTIME140.dll
 0002:000000e8       __imp__purecall            000000018002a0e8     vcruntime:VCRUNTIME140.dll
 0002:000000f0       __imp___std_type_info_name 000000018002a0f0     vcruntime:VCRUNTIME140.dll
 0002:000000f8       \177VCRUNTIME140_NULL_THUNK_DATA 000000018002a0f8     vcruntime:VCRUNTIME140.dll
 0002:00000100       __imp_free                 000000018002a100     ucrt:api-ms-win-crt-heap-l1-1-0.dll
 0002:00000108       \177api-ms-win-crt-heap-l1-1-0_NULL_THUNK_DATA 000000018002a108     ucrt:api-ms-win-crt-heap-l1-1-0.dll
 0002:00000110       __imp__fpclass             000000018002a110     ucrt:api-ms-win-crt-math-l1-1-0.dll
 0002:00000118       __imp_atan2f               000000018002a118     ucrt:api-ms-win-crt-math-l1-1-0.dll
 0002:00000120       \177api-ms-win-crt-math-l1-1-0_NULL_THUNK_DATA 000000018002a120     ucrt:api-ms-win-crt-math-l1-1-0.dll
 0002:00000128       __imp__seh_filter_dll      000000018002a128     ucrt:api-ms-win-crt-runtime-l1-1-0.dll
 0002:00000130       __imp__configure_narrow_argv 000000018002a130     ucrt:api-ms-win-crt-runtime-l1-1-0.dll
 0002:00000138       __imp__initialize_narrow_environment 000000018002a138     ucrt:api-ms-win-crt-runtime-l1-1-0.dll
 0002:00000140       __imp__initterm_e          000000018002a140     ucrt:api-ms-win-crt-runtime-l1-1-0.dll
 0002:00000148       __imp__initialize_onexit_table 000000018002a148     ucrt:api-ms-win-crt-runtime-l1-1-0.dll
 0002:00000150       __imp__execute_onexit_table 000000018002a150     ucrt:api-ms-win-crt-runtime-l1-1-0.dll
 0002:00000158       __imp__initterm            000000018002a158     ucrt:api-ms-win-crt-runtime-l1-1-0.dll
 0002:00000160       __imp__cexit               000000018002a160     ucrt:api-ms-win-crt-runtime-l1-1-0.dll
 0002:00000168       \177api-ms-win-crt-runtime-l1-1-0_NULL_THUNK_DATA 000000018002a168     ucrt:api-ms-win-crt-runtime-l1-1-0.dll
 0002:00000170       __imp_strcmp               000000018002a170     ucrt:api-ms-win-crt-string-l1-1-0.dll
 0002:00000178       \177api-ms-win-crt-string-l1-1-0_NULL_THUNK_DATA 000000018002a178     ucrt:api-ms-win-crt-string-l1-1-0.dll
 0002:00000180       __guard_check_icall_fptr   000000018002a180     MSVCRT:guard_support.obj
 0002:00000188       __guard_xfg_check_icall_fptr 000000018002a188     MSVCRT:guard_support.obj
 0002:00000190       __guard_dispatch_icall_fptr 000000018002a190     MSVCRT:guard_support.obj
 0002:00000198       __guard_xfg_dispatch_icall_fptr 000000018002a198     MSVCRT:guard_support.obj
 0002:000001a0       __guard_xfg_table_dispatch_icall_fptr 000000018002a1a0     MSVCRT:guard_support.obj
[...]
 0002:00006636       szName                     0000000180030636     PhysXCooking_64.exp
 0002:0000664a       $N00001                    000000018003064a     PhysXCooking_64.exp
 0002:00006679       $N00002                    0000000180030679     PhysXCooking_64.exp
 0002:000066a0       $N00003                    00000001800306a0     PhysXCooking_64.exp
 0002:000066db       $N00004                    00000001800306db     PhysXCooking_64.exp
 0002:00006702       $N00005                    0000000180030702     PhysXCooking_64.exp
 0002:0000672e       $N00006                    000000018003072e     PhysXCooking_64.exp
 0002:0000674f       $N00007                    000000018003074f     PhysXCooking_64.exp
 0002:00006784       $N00008                    0000000180030784     PhysXCooking_64.exp
 0002:0000679d       $N00009                    000000018003079d     PhysXCooking_64.exp
 0002:000067bd       $N00010                    00000001800307bd     PhysXCooking_64.exp
 0002:000067e6       $N00011                    00000001800307e6     PhysXCooking_64.exp
 0002:0000680d       $N00012                    000000018003080d     PhysXCooking_64.exp
 0002:0000683c       $N00013                    000000018003083c     PhysXCooking_64.exp
 0002:00006869       $N00014                    0000000180030869     PhysXCooking_64.exp
 0002:0000689a       $N00015                    000000018003089a     PhysXCooking_64.exp
 0002:000068bf       $N00016                    00000001800308bf     PhysXCooking_64.exp
 0002:000068ea       $N00017                    00000001800308ea     PhysXCooking_64.exp
 0002:00006910       $N00018                    0000000180030910     PhysXCooking_64.exp
 0002:0000692f       $N00019                    000000018003092f     PhysXCooking_64.exp
 0002:00006965       $N00020                    0000000180030965     PhysXCooking_64.exp
 0002:0000698f       $N00021                    000000018003098f     PhysXCooking_64.exp
 0002:000069b6       $N00022                    00000001800309b6     PhysXCooking_64.exp
 0002:000069df       $N00023                    00000001800309df     PhysXCooking_64.exp
 0002:000069f8       $N00024                    00000001800309f8     PhysXCooking_64.exp
 0002:00006a1d       $N00025                    0000000180030a1d     PhysXCooking_64.exp
 0002:00006a3c       $N00026                    0000000180030a3c     PhysXCooking_64.exp
 0002:00006a5b       $N00027                    0000000180030a5b     PhysXCooking_64.exp
 0002:00006a7b       $N00028                    0000000180030a7b     PhysXCooking_64.exp
 0002:00006ab1       $N00029                    0000000180030ab1     PhysXCooking_64.exp
 0002:00006ae9       $N00030                    0000000180030ae9     PhysXCooking_64.exp
 0002:00006b1d       $N00031                    0000000180030b1d     PhysXCooking_64.exp
 0002:00006b4f       $N00032                    0000000180030b4f     PhysXCooking_64.exp
 0002:00006b7c       $N00033                    0000000180030b7c     PhysXCooking_64.exp
 0002:00006ba4       $N00034                    0000000180030ba4     PhysXCooking_64.exp
 0002:00006bd5       $N00035                    0000000180030bd5     PhysXCooking_64.exp
 0002:00006c04       $N00036                    0000000180030c04     PhysXCooking_64.exp
 0002:00006c34       $N00037                    0000000180030c34     PhysXCooking_64.exp
 0002:00006c62       $N00038                    0000000180030c62     PhysXCooking_64.exp
 0002:00006c93       $N00039                    0000000180030c93     PhysXCooking_64.exp
 0002:00006cc9       $N00040                    0000000180030cc9     PhysXCooking_64.exp
 0002:00006cfd       $N00041                    0000000180030cfd     PhysXCooking_64.exp
 0002:00006d2f       $N00042                    0000000180030d2f     PhysXCooking_64.exp
 0002:00006d61       $N00043                    0000000180030d61     PhysXCooking_64.exp
 0002:00006d8d       $N00044                    0000000180030d8d     PhysXCooking_64.exp
 0002:00006da9       $N00045                    0000000180030da9     PhysXCooking_64.exp
 0002:00006dd3       $N00046                    0000000180030dd3     PhysXCooking_64.exp
 0002:00006df7       $N00047                    0000000180030df7     PhysXCooking_64.exp
 0002:00006e20       $N00048                    0000000180030e20     PhysXCooking_64.exp
 0002:00006e52       $N00049                    0000000180030e52     PhysXCooking_64.exp
 0002:00006e79       $N00050                    0000000180030e79     PhysXCooking_64.exp
 0002:00006ea7       $N00051                    0000000180030ea7     PhysXCooking_64.exp
 0002:00006ed2       $N00052                    0000000180030ed2     PhysXCooking_64.exp
 0002:00006eff       $N00053                    0000000180030eff     PhysXCooking_64.exp
 0002:00006f28       $N00054                    0000000180030f28     PhysXCooking_64.exp
 0002:00006f57       $N00055                    0000000180030f57     PhysXCooking_64.exp
 0002:00006f80       $N00056                    0000000180030f80     PhysXCooking_64.exp
 0002:00006fa9       $N00057                    0000000180030fa9     PhysXCooking_64.exp
 0002:00006fd7       $N00058                    0000000180030fd7     PhysXCooking_64.exp
 0002:00006fff       $N00059                    0000000180030fff     PhysXCooking_64.exp
 0002:0000703a       $N00060                    000000018003103a     PhysXCooking_64.exp
 0002:00007064       $N00061                    0000000180031064     PhysXCooking_64.exp
 0002:00007098       $N00062                    0000000180031098     PhysXCooking_64.exp
 0002:000070ce       $N00063                    00000001800310ce     PhysXCooking_64.exp
 0002:0000710a       $N00064                    000000018003110a     PhysXCooking_64.exp
 0002:00007152       $N00065                    0000000180031152     PhysXCooking_64.exp
 0002:000071a2       $N00066                    00000001800311a2     PhysXCooking_64.exp
 0002:000071d6       $N00067                    00000001800311d6     PhysXCooking_64.exp
 0002:0000720b       $N00068                    000000018003120b     PhysXCooking_64.exp
 0002:00007241       $N00069                    0000000180031241     PhysXCooking_64.exp
 0002:00007268       $N00070                    0000000180031268     PhysXCooking_64.exp
 0002:000072b0       $N00071                    00000001800312b0     PhysXCooking_64.exp
 0002:000072f6       $N00072                    00000001800312f6     PhysXCooking_64.exp
 0002:0000734e       $N00073                    000000018003134e     PhysXCooking_64.exp
 0002:00007395       $N00074                    0000000180031395     PhysXCooking_64.exp
 0002:000073c0       $N00075                    00000001800313c0     PhysXCooking_64.exp
 0002:000073f0       $N00076                    00000001800313f0     PhysXCooking_64.exp
 0002:00007440       $N00077                    0000000180031440     PhysXCooking_64.exp
 0002:000074ef       $N00078                    00000001800314ef     PhysXCooking_64.exp
 0002:0000754d       $N00079                    000000018003154d     PhysXCooking_64.exp
 0002:00007579       $N00080                    0000000180031579     PhysXCooking_64.exp
 0002:000075a5       $N00081                    00000001800315a5     PhysXCooking_64.exp
 0002:000075da       $N00082                    00000001800315da     PhysXCooking_64.exp
 0002:00007603       $N00083                    0000000180031603     PhysXCooking_64.exp
 0002:0000763f       $N00084                    000000018003163f     PhysXCooking_64.exp
 0002:0000766b       $N00085                    000000018003166b     PhysXCooking_64.exp
 0002:0000769e       $N00086                    000000018003169e     PhysXCooking_64.exp
 0002:000076eb       $N00087                    00000001800316eb     PhysXCooking_64.exp
 0002:0000771e       $N00088                    000000018003171e     PhysXCooking_64.exp
 0002:00007758       $N00089                    0000000180031758     PhysXCooking_64.exp
 0002:00007792       $N00090                    0000000180031792     PhysXCooking_64.exp
 0002:000077ce       $N00091                    00000001800317ce     PhysXCooking_64.exp
 0002:00007812       $N00092                    0000000180031812     PhysXCooking_64.exp
 0002:00007841       $N00093                    0000000180031841     PhysXCooking_64.exp
 0002:000078bb       $N00094                    00000001800318bb     PhysXCooking_64.exp
 0002:00007918       $N00095                    0000000180031918     PhysXCooking_64.exp
 0002:00007944       $N00096                    0000000180031944     PhysXCooking_64.exp
 0002:00007978       $N00097                    0000000180031978     PhysXCooking_64.exp
 0002:000079b1       $N00098                    00000001800319b1     PhysXCooking_64.exp
 0002:000079ee       $N00099                    00000001800319ee     PhysXCooking_64.exp
 0002:00007a24       $N00100                    0000000180031a24     PhysXCooking_64.exp
 0002:00007a51       $N00101                    0000000180031a51     PhysXCooking_64.exp
 0002:00007a7e       $N00102                    0000000180031a7e     PhysXCooking_64.exp
 0002:00007aa9       $N00103                    0000000180031aa9     PhysXCooking_64.exp
 0002:00007ad5       $N00104                    0000000180031ad5     PhysXCooking_64.exp
 0002:00007b02       $N00105                    0000000180031b02     PhysXCooking_64.exp
 0002:00007b22       $N00106                    0000000180031b22     PhysXCooking_64.exp
 0002:00007b5e       $N00107                    0000000180031b5e     PhysXCooking_64.exp
 0002:00007b8f       $N00108                    0000000180031b8f     PhysXCooking_64.exp
 0002:00007bc1       $N00109                    0000000180031bc1     PhysXCooking_64.exp
 0002:00007c03       $N00110                    0000000180031c03     PhysXCooking_64.exp
 0002:00007c30       $N00111                    0000000180031c30     PhysXCooking_64.exp
 0002:00007c54       $N00112                    0000000180031c54     PhysXCooking_64.exp
 0002:00007c84       $N00113                    0000000180031c84     PhysXCooking_64.exp
 0002:00007cb7       $N00114                    0000000180031cb7     PhysXCooking_64.exp
 0002:00007cdc       $N00115                    0000000180031cdc     PhysXCooking_64.exp
 0002:00007d0a       $N00116                    0000000180031d0a     PhysXCooking_64.exp
 0002:00007d32       $N00117                    0000000180031d32     PhysXCooking_64.exp
 0002:00007d52       $N00118                    0000000180031d52     PhysXCooking_64.exp
 0002:00007d97       $N00119                    0000000180031d97     PhysXCooking_64.exp
 0002:00007dd4       $N00120                    0000000180031dd4     PhysXCooking_64.exp
 0002:00007e11       $N00121                    0000000180031e11     PhysXCooking_64.exp
 0002:00007e44       $N00122                    0000000180031e44     PhysXCooking_64.exp
 0002:00007e54       $N00123                    0000000180031e54     PhysXCooking_64.exp
 0002:00008090       .idata$6                   0000000180032090     kernel32:KERNEL32.dll
 0002:00008118       .idata$6                   0000000180032118     vcruntime:VCRUNTIME140.dll
 0002:000081f8       .idata$6                   00000001800321f8     ucrt:api-ms-win-crt-string-l1-1-0.dll
 0002:0000821a       .idata$6                   000000018003221a     ucrt:api-ms-win-crt-math-l1-1-0.dll
 0002:0000823a       .idata$6                   000000018003223a     ucrt:api-ms-win-crt-heap-l1-1-0.dll
 0002:0000825a       .idata$6                   000000018003225a     ucrt:api-ms-win-crt-runtime-l1-1-0.dll
 0003:00000000       ?MAXDOT_MINANG@local@@3MB  0000000180033000     ConvexHullUtils.obj
 0003:00000004       ?MAXDOT_MINANG@local@@3MB  0000000180033004     QuickHullConvexHullLib.obj
 0003:00000540       ?maxV3Error@_VecMathTests@aos@shdfnd@physx@@3T__m128@@B 0000000180033540     Cooking.obj
 0003:00000550       ?minFError@_VecMathTests@aos@shdfnd@physx@@3T__m128@@B 0000000180033550     Cooking.obj
 0003:00000560       ?maxV4Error@_VecMathTests@aos@shdfnd@physx@@3T__m128@@B 0000000180033560     Cooking.obj
 0003:00000570       ?minV4Error@_VecMathTests@aos@shdfnd@physx@@3T__m128@@B 0000000180033570     Cooking.obj
 0003:00000580       ?minV3Error@_VecMathTests@aos@shdfnd@physx@@3T__m128@@B 0000000180033580     Cooking.obj
 0003:00000590       ?maxFError@_VecMathTests@aos@shdfnd@physx@@3T__m128@@B 0000000180033590     Cooking.obj
 0003:000005a0       ?maxV3Error@_VecMathTests@aos@shdfnd@physx@@3T__m128@@B 00000001800335a0     BVHStructureBuilder.obj
 0003:000005b0       ?minFError@_VecMathTests@aos@shdfnd@physx@@3T__m128@@B 00000001800335b0     BVHStructureBuilder.obj
 0003:000005c0       ?maxV4Error@_VecMathTests@aos@shdfnd@physx@@3T__m128@@B 00000001800335c0     BVHStructureBuilder.obj
 0003:000005d0       ?minV4Error@_VecMathTests@aos@shdfnd@physx@@3T__m128@@B 00000001800335d0     BVHStructureBuilder.obj
 0003:000005e0       ?minV3Error@_VecMathTests@aos@shdfnd@physx@@3T__m128@@B 00000001800335e0     BVHStructureBuilder.obj
 0003:000005f0       ?maxFError@_VecMathTests@aos@shdfnd@physx@@3T__m128@@B 00000001800335f0     BVHStructureBuilder.obj
 0003:00000600       ?maxV3Error@_VecMathTests@aos@shdfnd@physx@@3T__m128@@B 0000000180033600     RTreeCooking.obj
 0003:00000610       ?minFError@_VecMathTests@aos@shdfnd@physx@@3T__m128@@B 0000000180033610     RTreeCooking.obj
 0003:00000620       ?maxV4Error@_VecMathTests@aos@shdfnd@physx@@3T__m128@@B 0000000180033620     RTreeCooking.obj
 0003:00000630       ?minV4Error@_VecMathTests@aos@shdfnd@physx@@3T__m128@@B 0000000180033630     RTreeCooking.obj
 0003:00000640       ?minV3Error@_VecMathTests@aos@shdfnd@physx@@3T__m128@@B 0000000180033640     RTreeCooking.obj
 0003:00000650       ?maxFError@_VecMathTests@aos@shdfnd@physx@@3T__m128@@B 0000000180033650     RTreeCooking.obj
 0003:00000660       ?maxV3Error@_VecMathTests@aos@shdfnd@physx@@3T__m128@@B 0000000180033660     MeshBuilder.obj
 0003:00000670       ?minFError@_VecMathTests@aos@shdfnd@physx@@3T__m128@@B 0000000180033670     MeshBuilder.obj
 0003:00000680       ?maxV4Error@_VecMathTests@aos@shdfnd@physx@@3T__m128@@B 0000000180033680     MeshBuilder.obj
 0003:00000690       ?minV4Error@_VecMathTests@aos@shdfnd@physx@@3T__m128@@B 0000000180033690     MeshBuilder.obj
 0003:000006a0       ?minV3Error@_VecMathTests@aos@shdfnd@physx@@3T__m128@@B 00000001800336a0     MeshBuilder.obj
 0003:000006b0       ?maxFError@_VecMathTests@aos@shdfnd@physx@@3T__m128@@B 00000001800336b0     MeshBuilder.obj
 0003:000006c0       ?maxV3Error@_VecMathTests@aos@shdfnd@physx@@3T__m128@@B 00000001800336c0     TriangleMeshBuilder.obj
 0003:000006d0       ?minFError@_VecMathTests@aos@shdfnd@physx@@3T__m128@@B 00000001800336d0     TriangleMeshBuilder.obj
 0003:000006e0       ?maxV4Error@_VecMathTests@aos@shdfnd@physx@@3T__m128@@B 00000001800336e0     TriangleMeshBuilder.obj
 0003:000006f0       ?minV4Error@_VecMathTests@aos@shdfnd@physx@@3T__m128@@B 00000001800336f0     TriangleMeshBuilder.obj
 0003:00000700       ?minV3Error@_VecMathTests@aos@shdfnd@physx@@3T__m128@@B 0000000180033700     TriangleMeshBuilder.obj
 0003:00000710       ?maxFError@_VecMathTests@aos@shdfnd@physx@@3T__m128@@B 0000000180033710     TriangleMeshBuilder.obj
 0003:00000720       ?maxV3Error@_VecMathTests@aos@shdfnd@physx@@3T__m128@@B 0000000180033720     BigConvexDataBuilder.obj
 0003:00000730       ?minFError@_VecMathTests@aos@shdfnd@physx@@3T__m128@@B 0000000180033730     BigConvexDataBuilder.obj
 0003:00000740       ?maxV4Error@_VecMathTests@aos@shdfnd@physx@@3T__m128@@B 0000000180033740     BigConvexDataBuilder.obj
 0003:00000750       ?minV4Error@_VecMathTests@aos@shdfnd@physx@@3T__m128@@B 0000000180033750     BigConvexDataBuilder.obj
 0003:00000760       ?minV3Error@_VecMathTests@aos@shdfnd@physx@@3T__m128@@B 0000000180033760     BigConvexDataBuilder.obj
 0003:00000770       ?maxFError@_VecMathTests@aos@shdfnd@physx@@3T__m128@@B 0000000180033770     BigConvexDataBuilder.obj
 0003:00000780       ?maxV3Error@_VecMathTests@aos@shdfnd@physx@@3T__m128@@B 0000000180033780     ConvexHullBuilder.obj
 0003:00000790       ?minFError@_VecMathTests@aos@shdfnd@physx@@3T__m128@@B 0000000180033790     ConvexHullBuilder.obj
 0003:000007a0       ?maxV4Error@_VecMathTests@aos@shdfnd@physx@@3T__m128@@B 00000001800337a0     ConvexHullBuilder.obj
 0003:000007b0       ?minV4Error@_VecMathTests@aos@shdfnd@physx@@3T__m128@@B 00000001800337b0     ConvexHullBuilder.obj
 0003:000007c0       ?minV3Error@_VecMathTests@aos@shdfnd@physx@@3T__m128@@B 00000001800337c0     ConvexHullBuilder.obj
 0003:000007d0       ?maxFError@_VecMathTests@aos@shdfnd@physx@@3T__m128@@B 00000001800337d0     ConvexHullBuilder.obj
 0003:000007e0       ?maxV3Error@_VecMathTests@aos@shdfnd@physx@@3T__m128@@B 00000001800337e0     ConvexHullUtils.obj
 0003:000007f0       ?minFError@_VecMathTests@aos@shdfnd@physx@@3T__m128@@B 00000001800337f0     ConvexHullUtils.obj
 0003:00000800       ?maxV4Error@_VecMathTests@aos@shdfnd@physx@@3T__m128@@B 0000000180033800     ConvexHullUtils.obj
 0003:00000810       ?minV4Error@_VecMathTests@aos@shdfnd@physx@@3T__m128@@B 0000000180033810     ConvexHullUtils.obj
 0003:00000820       ?minV3Error@_VecMathTests@aos@shdfnd@physx@@3T__m128@@B 0000000180033820     ConvexHullUtils.obj
 0003:00000830       ?maxFError@_VecMathTests@aos@shdfnd@physx@@3T__m128@@B 0000000180033830     ConvexHullUtils.obj
 0003:00000840       ?maxV3Error@_VecMathTests@aos@shdfnd@physx@@3T__m128@@B 0000000180033840     ConvexMeshBuilder.obj
 0003:00000850       ?minFError@_VecMathTests@aos@shdfnd@physx@@3T__m128@@B 0000000180033850     ConvexMeshBuilder.obj
 0003:00000860       ?maxV4Error@_VecMathTests@aos@shdfnd@physx@@3T__m128@@B 0000000180033860     ConvexMeshBuilder.obj
 0003:00000870       ?minV4Error@_VecMathTests@aos@shdfnd@physx@@3T__m128@@B 0000000180033870     ConvexMeshBuilder.obj
 0003:00000880       ?minV3Error@_VecMathTests@aos@shdfnd@physx@@3T__m128@@B 0000000180033880     ConvexMeshBuilder.obj
 0003:00000890       ?maxFError@_VecMathTests@aos@shdfnd@physx@@3T__m128@@B 0000000180033890     ConvexMeshBuilder.obj
 0003:000008a0       ?maxV3Error@_VecMathTests@aos@shdfnd@physx@@3T__m128@@B 00000001800338a0     VolumeIntegration.obj
 0003:000008b0       ?minFError@_VecMathTests@aos@shdfnd@physx@@3T__m128@@B 00000001800338b0     VolumeIntegration.obj
 0003:000008c0       ?maxV4Error@_VecMathTests@aos@shdfnd@physx@@3T__m128@@B 00000001800338c0     VolumeIntegration.obj
 0003:000008d0       ?minV4Error@_VecMathTests@aos@shdfnd@physx@@3T__m128@@B 00000001800338d0     VolumeIntegration.obj
 0003:000008e0       ?minV3Error@_VecMathTests@aos@shdfnd@physx@@3T__m128@@B 00000001800338e0     VolumeIntegration.obj
 0003:000008f0       ?maxFError@_VecMathTests@aos@shdfnd@physx@@3T__m128@@B 00000001800338f0     VolumeIntegration.obj
 0003:00000900       ?gCookingDelayLoadHook@@3PEBVPxDelayLoadHook@physx@@EB 0000000180033900     WindowsCookingDelayLoadHook.obj
 0003:00000960       ?__proc_attached@@3HA      0000000180033960     MSVCRT:dll_dllmain.obj
 0003:00000998       ?is_initialized_as_dll@@3_NA 0000000180033998     MSVCRT:utility.obj
 0003:00000999       ?module_local_atexit_table_initialized@@3_NA 0000000180033999     MSVCRT:utility.obj
 0003:000009a0       ?module_local_atexit_table@@3U_onexit_table_t@@A 00000001800339a0     MSVCRT:utility.obj
 0003:000009b8       ?module_local_at_quick_exit_table@@3U_onexit_table_t@@A 00000001800339b8     MSVCRT:utility.obj
 0005:00000000       _2il0floatpacket$19        0000000180036000     MSVCRT:svml_ssinf4_sse2.obj
 0005:00002200       _vmlsSinHATab              0000000180038200     MSVCRT:svml_s_sin_cout.obj
 0006:000000a0       $R000000                   00000001800390a0     PhysXCooking.res
 0006:000003d0       $R000330                   00000001800393d0     PhysXCooking.res
